2026-02-01 02:51:48,498 - main - INFO - Using serial port: /tmp/lin_sim
2026-02-01 02:51:48,499 - main - INFO - debug_lin: True
2026-02-01 02:51:48,500 - main - INFO - debug_inet: False
Lin initialized
2026-02-01 02:51:48,502 - asyncio - DEBUG - Using selector: EpollSelector
2026-02-01 02:51:48,503 - main - INFO - Connected to dbus, and switching over to GLib.MainLoop() (= event based)
2026-02-01 02:51:48,504 - asyncio - DEBUG - Using selector: EpollSelector
Creating task inetbox_publish_loop
Creating task lin_loop
[LIN-DEBUG] Full frame received: 00 55 20 aa aa aa fa 00 01 e0 0f f3 (12 bytes)
[LIN-DEBUG] Full frame received: 00 55 61 55 6b c4 3c 12 01 f0 0f c9 (12 bytes)
[LIN-DEBUG] Full frame received: 00 55 e2 88 60 10 fe ff ff ff ff 25 (12 bytes)
[LIN-DEBUG] Full frame received: 00 55 3c 01 06 b8 40 03 00 00 ff fc (12 bytes)
[LIN-DEBUG] Full frame received: 00 55 7d (3 bytes)
[LIN-DEBUG] Full frame received: 00 55 97 3a 0b 86 0b 71 00 00 ff 20 (12 bytes)
[LIN-DEBUG] Full frame received: 00 55 3c 7f 06 b2 00 17 46 00 0c 5e (12 bytes)
[LIN-DEBUG] Full frame received: 00 55 7d (3 bytes)
[LIN-DEBUG] Full frame received: 00 55 20 aa aa aa fa 00 01 e0 0f f3 (12 bytes)
[LIN-DEBUG] Full frame received: 00 55 61 55 6b c4 3c 12 01 f0 0f c9 (12 bytes)
[LIN-DEBUG] Full frame received: 00 55 e2 88 60 10 fe ff ff ff ff 25 (12 bytes)
[LIN-DEBUG] Full frame received: 00 55 3c 7f 06 b2 00 17 46 40 03 27 (12 bytes)
[LIN-DEBUG] Full frame received: 00 55 7d (3 bytes)
[LIN-DEBUG] Full frame received: 00 55 97 3a 0b 86 0b 71 00 00 ff 20 (12 bytes)
[LIN-DEBUG] Full frame received: 00 55 3c 7f 06 b2 23 17 46 00 0c 3b (12 bytes)
[LIN-DEBUG] Full frame received: 00 55 7d (3 bytes)
[LIN-DEBUG] Full frame received: 00 55 20 aa aa aa fa 00 01 e0 0f f3 (12 bytes)
[LIN-DEBUG] Full frame received: 00 55 61 55 6b c4 3c 12 01 f0 0f c9 (12 bytes)
[LIN-DEBUG] Full frame received: 00 55 e2 87 60 10 fe ff ff ff ff 26 (12 bytes)
[LIN-DEBUG] Full frame received: 00 55 3c 7f 06 b2 23 17 46 40 03 04 (12 bytes)
[LIN-DEBUG] Full frame received: 00 55 7d (3 bytes)
[LIN-DEBUG] Full frame received: 00 55 97 3a 0b 86 0b 71 00 00 ff 20 (12 bytes)
[LIN-DEBUG] Full frame received: 00 55 3c 7f 06 b2 00 17 46 00 0c 5e (12 bytes)
[LIN-DEBUG] Full frame received: 00 55 7d (3 bytes)
[LIN-DEBUG] Full frame received: 00 55 20 aa aa aa fa 00 01 e0 0f f3 (12 bytes)
[LIN-DEBUG] Full frame received: 00 55 61 55 6b c4 3c 12 01 f0 0f c9 (12 bytes)
[LIN-DEBUG] Full frame received: 00 55 e2 88 60 10 fe ff ff ff ff 25 (12 bytes)
[LIN-DEBUG] Full frame received: 00 55 3c 01 06 b8 40 03 00 00 ff fc (12 bytes)
[LIN-DEBUG] Full frame received: 00 55 7d (3 bytes)
[LIN-DEBUG] Full frame received: 00 55 97 3a 0b 86 0b 71 00 00 ff 20 (12 bytes)
[LIN-DEBUG] Full frame received: 00 55 3c 7f 06 b2 23 17 46 00 0c 3b (12 bytes)
[LIN-DEBUG] Full frame received: 00 55 7d (3 bytes)
[LIN-DEBUG] Full frame received: 00 55 20 aa aa aa fa 00 01 e0 0f f3 (12 bytes)
[LIN-DEBUG] Full frame received: 00 55 61 55 6b c4 3c 12 01 f0 0f c9 (12 bytes)
[LIN-DEBUG] Full frame received: 00 55 e2 88 60 10 fe ff ff ff ff 25 (12 bytes)
[LIN-DEBUG] Full frame received: 00 55 3c 7f 06 b2 00 17 46 40 03 27 (12 bytes)
[LIN-DEBUG] Full frame received: 00 55 7d (3 bytes)
[LIN-DEBUG] Full frame received: 00 55 97 3a 0b 86 0b 71 00 00 ff 20 (12 bytes)
[LIN-DEBUG] Full frame received: 00 55 3c 7f 06 b2 00 17 46 00 0c 5e (12 bytes)
[LIN-DEBUG] Full frame received: 00 55 7d (3 bytes)
[LIN-DEBUG] Full frame received: 00 55 20 aa aa aa fa 00 01 e0 0f f3 (12 bytes)
[LIN-DEBUG] Full frame received: 00 55 61 55 6b c4 3c 12 01 f0 0f c9 (12 bytes)
[LIN-DEBUG] Full frame received: 00 55 e2 88 60 10 fe ff ff ff ff 25 (12 bytes)
[LIN-DEBUG] Full frame received: 00 55 3c 7f 06 b2 23 17 46 40 03 04 (12 bytes)
[LIN-DEBUG] Full frame received: 00 55 7d (3 bytes)
[LIN-DEBUG] Full frame received: 00 55 97 3a 0b 86 0b 71 00 00 ff 20 (12 bytes)
[LIN-DEBUG] Full frame received: 00 55 3c 7f 06 b2 23 17 46 00 0c 3b (12 bytes)
[LIN-DEBUG] Full frame received: 00 55 7d (3 bytes)
[LIN-DEBUG] Full frame received: 00 55 20 aa aa aa fa 00 01 e0 0f f3 (12 bytes)
[LIN-DEBUG] Full frame received: 00 55 61 55 6b c4 3c 12 01 f0 0f c9 (12 bytes)
[LIN-DEBUG] Full frame received: 00 55 e2 88 60 10 fe ff ff ff ff 25 (12 bytes)
[LIN-DEBUG] Full frame received: 00 55 3c 01 06 b8 40 03 00 00 ff fc (12 bytes)
[LIN-DEBUG] Full frame received: 00 55 7d (3 bytes)
[LIN-DEBUG] Full frame received: 00 55 97 3a 0b 86 0b 71 00 00 ff 20 (12 bytes)
[LIN-DEBUG] Full frame received: 00 55 3c 7f 06 b2 00 17 46 00 0c 5e (12 bytes)
[LIN-DEBUG] Full frame received: 00 55 7d (3 bytes)
[LIN-DEBUG] Full frame received: 00 55 20 aa aa aa fa 00 01 e0 0f f3 (12 bytes)
[LIN-DEBUG] Full frame received: 00 55 61 55 6b c4 3c 12 01 f0 0f c9 (12 bytes)
[LIN-DEBUG] Full frame received: 00 55 e2 88 60 10 fe ff ff ff ff 25 (12 bytes)
[LIN-DEBUG] Full frame received: 00 55 3c 7f 06 b2 00 17 46 40 03 27 (12 bytes)
[LIN-DEBUG] Full frame received: 00 55 7d (3 bytes)
[LIN-DEBUG] Full frame received: 00 55 97 3a 0b 86 0b 71 00 00 ff 20 (12 bytes)
[LIN-DEBUG] Full frame received: 00 55 3c 7f 06 b2 23 17 46 00 0c 3b (12 bytes)
[LIN-DEBUG] Full frame received: 00 55 7d (3 bytes)
[LIN-DEBUG] Full frame received: 00 55 20 aa aa aa fa 00 01 e0 0f f3 (12 bytes)
[LIN-DEBUG] Full frame received: 00 55 61 55 6b c4 3c 12 01 f0 0f c9 (12 bytes)
[LIN-DEBUG] Full frame received: 00 55 e2 87 60 10 fe ff ff ff ff 26 (12 bytes)
[LIN-DEBUG] Full frame received: 00 55 3c 7f 06 b2 23 17 46 40 03 04 (12 bytes)
[LIN-DEBUG] Full frame received: 00 55 7d (3 bytes)
[LIN-DEBUG] Full frame received: 00 55 97 3a 0b 86 0b 71 00 00 ff 20 (12 bytes)
[LIN-DEBUG] Full frame received: 00 55 3c 7f 06 b2 00 17 46 00 0c 5e (12 bytes)
[LIN-DEBUG] Full frame received: 00 55 7d (3 bytes)
[LIN-DEBUG] Full frame received: 00 55 20 aa aa aa fa 00 01 e0 0f f3 (12 bytes)
[LIN-DEBUG] Full frame received: 00 55 61 55 6b c4 3c 12 01 f0 0f c9 (12 bytes)
[LIN-DEBUG] Full frame received: 00 55 e2 87 60 10 fe ff ff ff ff 26 (12 bytes)
[LIN-DEBUG] Full frame received: 00 55 3c 01 06 b8 40 03 00 00 ff fc (12 bytes)
[LIN-DEBUG] Full frame received: 00 55 7d (3 bytes)
[LIN-DEBUG] Full frame received: 00 55 97 3a 0b 86 0b 71 00 00 ff 20 (12 bytes)
[LIN-DEBUG] Full frame received: 00 55 3c 7f 06 b2 23 17 46 00 0c 3b (12 bytes)
[LIN-DEBUG] Full frame received: 00 55 7d (3 bytes)
[LIN-DEBUG] Full frame received: 00 55 20 aa aa aa fa 00 01 e0 0f f3 (12 bytes)
[LIN-DEBUG] Full frame received: 00 55 61 55 6b c4 3c 12 01 f0 0f c9 (12 bytes)
[LIN-DEBUG] Full frame received: 00 55 e2 87 60 10 fe ff ff ff ff 26 (12 bytes)
[LIN-DEBUG] Full frame received: 00 55 3c 7f 06 b2 00 17 46 40 03 27 (12 bytes)
[LIN-DEBUG] Full frame received: 00 55 7d (3 bytes)
[LIN-DEBUG] Full frame received: 00 55 97 3a 0b 86 0b 71 00 00 ff 20 (12 bytes)
[LIN-DEBUG] Full frame received: 00 55 3c 7f 06 b2 00 17 46 00 0c 5e (12 bytes)
[LIN-DEBUG] Full frame received: 00 55 7d (3 bytes)
[LIN-DEBUG] Full frame received: 00 55 20 aa aa aa fa 00 01 e0 0f f3 (12 bytes)
[LIN-DEBUG] Full frame received: 00 55 61 55 6b c4 3c 12 01 f0 0f c9 (12 bytes)
[LIN-DEBUG] Full frame received: 00 55 e2 87 60 10 fe ff ff ff ff 26 (12 bytes)
[LIN-DEBUG] Full frame received: 00 55 3c 7f 06 b2 23 17 46 40 03 04 (12 bytes)
[LIN-DEBUG] Full frame received: 00 55 7d (3 bytes)
[LIN-DEBUG] Full frame received: 00 55 97 3a 0b 86 0b 71 00 00 ff 20 (12 bytes)
[LIN-DEBUG] Full frame received: 00 55 3c 7f 06 b2 23 17 46 00 0c 3b (12 bytes)
[LIN-DEBUG] Full frame received: 00 55 7d (3 bytes)
[LIN-DEBUG] Full frame received: 00 55 20 aa aa aa fa 00 01 e0 0f f3 (12 bytes)
[LIN-DEBUG] Full frame received: 00 55 61 55 6b c4 3c 12 01 f0 0f c9 (12 bytes)
[LIN-DEBUG] Full frame received: 00 55 e2 87 60 10 fe ff ff ff ff 26 (12 bytes)
[LIN-DEBUG] Full frame received: 00 55 3c 01 06 b8 40 03 00 00 ff fc (12 bytes)
[LIN-DEBUG] Full frame received: 00 55 7d (3 bytes)
[LIN-DEBUG] Full frame received: 00 55 97 3a 0b 86 0b 71 00 00 ff 20 (12 bytes)
[LIN-DEBUG] Full frame received: 00 55 3c 7f 06 b2 00 17 46 00 0c 5e (12 bytes)
[LIN-DEBUG] Full frame received: 00 55 7d (3 bytes)
[LIN-DEBUG] Full frame received: 00 55 20 aa aa aa fa 00 01 e0 0f f3 (12 bytes)
[LIN-DEBUG] Full frame received: 00 55 61 55 6b c4 3c 12 01 f0 0f c9 (12 bytes)
[LIN-DEBUG] Full frame received: 00 55 e2 87 60 10 fe ff ff ff ff 26 (12 bytes)
[LIN-DEBUG] Full frame received: 00 55 3c 7f 06 b2 00 17 46 40 03 27 (12 bytes)
[LIN-DEBUG] Full frame received: 00 55 7d (3 bytes)
[LIN-DEBUG] Full frame received: 00 55 97 3a 0b 86 0b 71 00 00 ff 20 (12 bytes)
[LIN-DEBUG] Full frame received: 00 55 3c 7f 06 b2 23 17 46 00 0c 3b (12 bytes)
[LIN-DEBUG] Full frame received: 00 55 7d (3 bytes)
[LIN-DEBUG] Full frame received: 00 55 20 aa aa aa fa 00 01 e0 0f f3 (12 bytes)
[LIN-DEBUG] Full frame received: 00 55 61 55 6b c4 3c 12 01 f0 0f c9 (12 bytes)
[LIN-DEBUG] Full frame received: 00 55 e2 87 60 10 fe ff ff ff ff 26 (12 bytes)
[LIN-DEBUG] Full frame received: 00 55 3c 7f 06 b2 23 17 46 40 03 04 (12 bytes)
[LIN-DEBUG] Full frame received: 00 55 7d (3 bytes)
[LIN-DEBUG] Full frame received: 00 55 97 3a 0b 86 0b 71 00 00 ff 20 (12 bytes)
[LIN-DEBUG] Full frame received: 00 55 3c 7f 06 b2 00 17 46 00 0c 5e (12 bytes)
[LIN-DEBUG] Full frame received: 00 55 7d (3 bytes)
[LIN-DEBUG] Full frame received: 00 55 20 aa aa aa fa 00 01 e0 0f f3 (12 bytes)
[LIN-DEBUG] Full frame received: 00 55 61 55 6b c4 3c 12 01 f0 0f c9 (12 bytes)
[LIN-DEBUG] Full frame received: 00 55 e2 87 60 10 fe ff ff ff ff 26 (12 bytes)
[LIN-DEBUG] Full frame received: 00 55 3c 01 06 b8 40 03 00 00 ff fc (12 bytes)
[LIN-DEBUG] Full frame received: 00 55 7d (3 bytes)
[LIN-DEBUG] Full frame received: 00 55 97 3a 0b 86 0b 71 00 00 ff 20 (12 bytes)
[LIN-DEBUG] Full frame received: 00 55 3c 7f 06 b2 23 17 46 00 0c 3b (12 bytes)
[LIN-DEBUG] Full frame received: 00 55 7d (3 bytes)
[LIN-DEBUG] Full frame received: 00 55 20 aa aa aa fa 00 01 e0 0f f3 (12 bytes)
[LIN-DEBUG] Full frame received: 00 55 61 55 6b c4 3c 12 01 f0 0f c9 (12 bytes)
[LIN-DEBUG] Full frame received: 00 55 e2 88 60 10 fe ff ff ff ff 25 (12 bytes)
[LIN-DEBUG] Full frame received: 00 55 3c 7f 06 b2 00 17 46 40 03 27 (12 bytes)
[LIN-DEBUG] Full frame received: 00 55 7d (3 bytes)
[LIN-DEBUG] Full frame received: 00 55 97 3a 0b 86 0b 71 00 00 ff 20 (12 bytes)
[LIN-DEBUG] Full frame received: 00 55 3c 7f 06 b2 00 17 46 00 0c 5e (12 bytes)
[LIN-DEBUG] Full frame received: 00 55 7d (3 bytes)
[LIN-DEBUG] Full frame received: 00 55 20 aa aa aa fa 00 01 e0 0f f3 (12 bytes)
[LIN-DEBUG] Full frame received: 00 55 61 55 6b c4 3c 12 01 f0 0f c9 (12 bytes)
[LIN-DEBUG] Full frame received: 00 55 e2 88 60 10 fe ff ff ff ff 25 (12 bytes)
[LIN-DEBUG] Full frame received: 00 55 3c 7f 06 b2 23 17 46 40 03 04 (12 bytes)
[LIN-DEBUG] Full frame received: 00 55 7d (3 bytes)
[LIN-DEBUG] Full frame received: 00 55 97 3a 0b 86 0b 71 00 00 ff 20 (12 bytes)
[LIN-DEBUG] Full frame received: 00 55 3c 7f 06 b2 23 17 46 00 0c 3b (12 bytes)
[LIN-DEBUG] Full frame received: 00 55 7d (3 bytes)
[LIN-DEBUG] Full frame received: 00 55 20 aa aa aa fa 00 01 e0 0f f3 (12 bytes)
[LIN-DEBUG] Full frame received: 00 55 61 55 6b c4 3c 12 01 f0 0f c9 (12 bytes)
[LIN-DEBUG] Full frame received: 00 55 e2 88 60 10 fe ff ff ff ff 25 (12 bytes)
[LIN-DEBUG] Full frame received: 00 55 3c 01 06 b8 40 03 00 00 ff fc (12 bytes)
[LIN-DEBUG] Full frame received: 00 55 7d (3 bytes)
[LIN-DEBUG] Full frame received: 00 55 97 3a 0b 86 0b 71 00 00 ff 20 (12 bytes)
[LIN-DEBUG] Full frame received: 00 55 3c 7f 06 b2 00 17 46 01 0c 5d (12 bytes)
[LIN-DEBUG] Full frame received: 00 55 7d (3 bytes)
[LIN-DEBUG] Full frame received: 00 55 3c 7f 06 b2 00 17 46 00 1f 4b (12 bytes)
[LIN-DEBUG] executing command: _B2 - response request
[LIN-DEBUG] Full frame received: 00 55 7d (3 bytes)
[LIN-DEBUG] out > 03 06 f2 17 46 00 1f 00 87
[LIN-DEBUG] Full frame received: 00 55 3c 7f 06 b2 00 17 46 40 03 27 (12 bytes)
[LIN-DEBUG] Full frame received: 00 55 7d (3 bytes)
[LIN-DEBUG] Full frame received: 00 55 3c 7f 06 b2 00 17 46 01 03 66 (12 bytes)
[LIN-DEBUG] Full frame received: 00 55 7d (3 bytes)
[LIN-DEBUG] Full frame received: 00 55 3c 7f 06 b2 00 17 46 00 0c 5e (12 bytes)
[LIN-DEBUG] Full frame received: 00 55 7d (3 bytes)
[LIN-DEBUG] Full frame received: 00 55 3c ff ff ff ff ff ff ff ff 00 (12 bytes)
[LIN-DEBUG] Full frame received: 00 55 7d (3 bytes)
[LIN-DEBUG] Full frame received: 00 55 3c ff ff ff ff ff ff ff ff 00 (12 bytes)
[LIN-DEBUG] Full frame received: 00 55 7d (3 bytes)
[LIN-DEBUG] Full frame received: 00 55 3c 7f 06 b2 00 17 46 10 03 57 (12 bytes)
[LIN-DEBUG] Full frame received: 00 55 7d (3 bytes)
[LIN-DEBUG] Full frame received: 00 55 3c ff ff ff ff ff ff ff ff 00 (12 bytes)
[LIN-DEBUG] Full frame received: 00 55 7d (3 bytes)
[LIN-DEBUG] Full frame received: 00 55 3c ff ff ff ff ff ff ff ff 00 (12 bytes)
[LIN-DEBUG] Full frame received: 00 55 7d (3 bytes)
[LIN-DEBUG] Full frame received: 00 55 3c 01 06 b2 20 17 46 40 03 85 (12 bytes)
[LIN-DEBUG] Full frame received: 00 55 7d (3 bytes)
[LIN-DEBUG] Full frame received: 00 55 3c ff ff ff ff ff ff ff ff 00 (12 bytes)
[LIN-DEBUG] Full frame received: 00 55 3c ff ff ff ff ff ff ff ff 00 (12 bytes)
[LIN-DEBUG] Full frame received: 00 55 7d (3 bytes)
[LIN-DEBUG] Full frame received: 00 55 3c 03 06 b2 20 17 46 00 1f a7 (12 bytes)
[LIN-DEBUG] executing command: B2 - identifier for NAD 03
[LIN-DEBUG] Full frame received: 00 55 7d (3 bytes)
[LIN-DEBUG] out > 03 06 f2 17 46 00 1f 00 87
[LIN-DEBUG] Full frame received: 00 55 3c 01 06 b2 22 17 46 40 03 83 (12 bytes)
[LIN-DEBUG] Full frame received: 00 55 7d (3 bytes)
[LIN-DEBUG] Full frame received: 00 55 3c 02 06 b2 20 17 46 00 0c bb (12 bytes)
[LIN-DEBUG] Full frame received: 00 55 7d (3 bytes)
[LIN-DEBUG] Full frame received: 00 55 3c 03 06 b2 22 17 46 00 1f a5 (12 bytes)
[LIN-DEBUG] executing command: B2 - initializer for NAD 03   -----------------> start registration
[LIN-DEBUG] Full frame received: 00 55 7d (3 bytes)
[LIN-DEBUG] out > 03 06 f2 17 46 00 1f 00 87
[LIN-DEBUG] Full frame received: 00 55 3c 7f 06 b0 17 46 40 03 01 28 (12 bytes)
[LIN-DEBUG] Full frame received: 00 55 7d (3 bytes)
[LIN-DEBUG] Full frame received: 00 55 3c 02 06 b2 22 17 46 00 0c b9 (12 bytes)
[LIN-DEBUG] Full frame received: 00 55 7d (3 bytes)
[LIN-DEBUG] Full frame received: 00 55 3c 7f 06 b0 17 46 00 1f 03 4a (12 bytes)
[LIN-DEBUG] executing command: B0 - init finalized - send ackn ---------------> registration finalized
[LIN-DEBUG] Full frame received: 00 55 7d (3 bytes)
[LIN-DEBUG] out > 03 01 f0 ff ff ff ff ff 0b
[LIN-DEBUG] Full frame received: 00 55 3c ff ff ff ff ff ff ff ff 00 (12 bytes)
[LIN-DEBUG] Full frame received: 00 55 7d (3 bytes)
[LIN-DEBUG] Full frame received: 00 55 3c 7f 06 b0 17 46 00 0c 02 5e (12 bytes)
[LIN-DEBUG] Full frame received: 00 55 7d (3 bytes)
[LIN-DEBUG] Full frame received: 00 55 3c ff ff ff ff ff ff ff ff 00 (12 bytes)
[LIN-DEBUG] Full frame received: 00 55 7d (3 bytes)
[LIN-DEBUG] Full frame received: 00 55 20 aa aa aa fa 00 01 e0 0f f3 (12 bytes)
[LIN-DEBUG] Full frame received: 00 55 61 55 6b c4 3c 12 01 f0 0f c9 (12 bytes)
[LIN-DEBUG] Full frame received: 00 55 e2 88 60 10 fe ff ff ff ff 25 (12 bytes)
[LIN-DEBUG] Full frame received: 00 55 3c 01 06 b8 40 03 00 00 ff fc (12 bytes)
[LIN-DEBUG] Full frame received: 00 55 7d (3 bytes)
[LIN-DEBUG] Full frame received: 00 55 3c ff ff ff ff ff ff ff ff 00 (12 bytes)
[LIN-DEBUG] Full frame received: 00 55 7d (3 bytes)
[LIN-DEBUG] Full frame received: 00 55 d8 (3 bytes)
[LIN-DEBUG] out > fe ff ff ff ff ff ff ff 28
[LIN-DEBUG] Full frame received: 00 55 3c 7f 06 b2 00 17 46 00 1f 4b (12 bytes)
[LIN-DEBUG] executing command: _B2 - response request
[LIN-DEBUG] Full frame received: 00 55 7d (3 bytes)
[LIN-DEBUG] out > 03 06 f2 17 46 00 1f 00 87
[LIN-DEBUG] Full frame received: 00 55 20 aa aa aa fa 00 01 e0 0f f3 (12 bytes)
[LIN-DEBUG] Full frame received: 00 55 61 55 6b c4 3c 12 01 f0 0f c9 (12 bytes)
[LIN-DEBUG] Full frame received: 00 55 e2 88 60 10 fe ff ff ff ff 25 (12 bytes)
[LIN-DEBUG] Full frame received: 00 55 3c 01 06 b8 40 03 00 00 ff fc (12 bytes)
[LIN-DEBUG] Full frame received: 00 55 7d (3 bytes)
[LIN-DEBUG] Full frame received: 00 55 08 86 0b 71 00 00 00 7b ff 79 (12 bytes)
[LIN-DEBUG] Full frame received: 00 55 97 3a 0b 86 0b 71 00 00 ff 20 (12 bytes)
[LIN-DEBUG] Full frame received: 00 55 3c 7f 06 b2 00 17 46 00 0c 5e (12 bytes)
[LIN-DEBUG] Full frame received: 00 55 7d (3 bytes)
[LIN-DEBUG] Full frame received: 00 55 d8 (3 bytes)
[LIN-DEBUG] out > fe ff ff ff ff ff ff ff 28
[LIN-DEBUG] Full frame received: 00 55 3c 7f 06 b2 00 17 46 00 1f 4b (12 bytes)
[LIN-DEBUG] executing command: _B2 - response request
[LIN-DEBUG] Full frame received: 00 55 7d (3 bytes)
[LIN-DEBUG] out > 03 06 f2 17 46 00 1f 00 87
[LIN-DEBUG] Full frame received: 00 55 20 aa aa aa fa 00 01 e0 0f f3 (12 bytes)
[LIN-DEBUG] Full frame received: 00 55 61 55 6b c4 3c 12 01 f0 0f c9 (12 bytes)
[LIN-DEBUG] Full frame received: 00 55 e2 88 60 10 fe ff ff ff ff 25 (12 bytes)
[LIN-DEBUG] Full frame received: 00 55 3c 7f 06 b2 00 17 46 40 03 27 (12 bytes)
[LIN-DEBUG] Full frame received: 00 55 7d (3 bytes)
[LIN-DEBUG] Full frame received: 00 55 08 86 0b 71 00 00 00 7b ff 79 (12 bytes)
[LIN-DEBUG] Full frame received: 00 55 97 3a 0b 86 0b 71 00 00 ff 20 (12 bytes)
[LIN-DEBUG] Full frame received: 00 55 3c 7f 06 b2 23 17 46 00 0c 3b (12 bytes)
[LIN-DEBUG] Full frame received: 00 55 7d (3 bytes)
[LIN-DEBUG] Full frame received: 00 55 d8 (3 bytes)
[LIN-DEBUG] out > fe ff ff ff ff ff ff ff 28
[LIN-DEBUG] Full frame received: 00 55 3c 7f 06 b2 00 17 46 00 1f 4b (12 bytes)
[LIN-DEBUG] executing command: _B2 - response request
[LIN-DEBUG] Full frame received: 00 55 7d (3 bytes)
[LIN-DEBUG] out > 03 06 f2 17 46 00 1f 00 87
[LIN-DEBUG] Full frame received: 00 55 20 aa aa aa fa 00 01 e0 0f f3 (12 bytes)
[LIN-DEBUG] Full frame received: 00 55 61 55 6b c4 3c 12 01 f0 0f c9 (12 bytes)
[LIN-DEBUG] Full frame received: 00 55 e2 88 60 10 fe ff ff ff ff 25 (12 bytes)
[LIN-DEBUG] Full frame received: 00 55 3c 7f 06 b2 23 17 46 40 03 04 (12 bytes)
[LIN-DEBUG] Full frame received: 00 55 7d (3 bytes)
[LIN-DEBUG] Full frame received: 00 55 08 86 0b 71 00 00 00 7b ff 79 (12 bytes)
[LIN-DEBUG] Full frame received: 00 55 97 3a 0b 86 0b 71 00 00 ff 20 (12 bytes)
[LIN-DEBUG] Full frame received: 00 55 3c 7f 06 b2 00 17 46 00 0c 5e (12 bytes)
[LIN-DEBUG] Full frame received: 00 55 7d (3 bytes)
[LIN-DEBUG] Full frame received: 00 55 d8 (3 bytes)
[LIN-DEBUG] out > fe ff ff ff ff ff ff ff 28
[LIN-DEBUG] Full frame received: 00 55 3c 7f 06 b2 00 17 46 00 1f 4b (12 bytes)
[LIN-DEBUG] executing command: _B2 - response request
[LIN-DEBUG] Full frame received: 00 55 7d (3 bytes)
[LIN-DEBUG] out > 03 06 f2 17 46 00 1f 00 87
[LIN-DEBUG] Full frame received: 00 55 20 aa aa aa fa 00 01 e0 0f f3 (12 bytes)
[LIN-DEBUG] Full frame received: 00 55 61 55 6b c4 3c 12 01 f0 0f c9 (12 bytes)
[LIN-DEBUG] Full frame received: 00 55 e2 88 60 10 fe ff ff ff ff 25 (12 bytes)
[LIN-DEBUG] Full frame received: 00 55 3c 01 06 b8 40 03 00 00 ff fc (12 bytes)
[LIN-DEBUG] Full frame received: 00 55 7d (3 bytes)
[LIN-DEBUG] Full frame received: 00 55 08 86 0b 71 00 00 00 7b ff 79 (12 bytes)
[LIN-DEBUG] Full frame received: 00 55 97 3a 0b 86 0b 71 00 00 ff 20 (12 bytes)
[LIN-DEBUG] Full frame received: 00 55 3c 7f 06 b2 23 17 46 00 0c 3b (12 bytes)
[LIN-DEBUG] Full frame received: 00 55 7d (3 bytes)
[LIN-DEBUG] Full frame received: 00 55 d8 (3 bytes)
[LIN-DEBUG] out > fe ff ff ff ff ff ff ff 28
[LIN-DEBUG] Full frame received: 00 55 3c 7f 06 b2 00 17 46 00 1f 4b (12 bytes)
[LIN-DEBUG] executing command: _B2 - response request
[LIN-DEBUG] Full frame received: 00 55 7d (3 bytes)
[LIN-DEBUG] out > 03 06 f2 17 46 00 1f 00 87
[LIN-DEBUG] Full frame received: 00 55 20 aa aa aa fa 00 01 e0 0f f3 (12 bytes)
[LIN-DEBUG] Full frame received: 00 55 61 55 6b c4 3c 12 01 f0 0f c9 (12 bytes)
[LIN-DEBUG] Full frame received: 00 55 e2 88 60 10 fe ff ff ff ff 25 (12 bytes)
[LIN-DEBUG] Full frame received: 00 55 3c 7f 06 b2 00 17 46 40 03 27 (12 bytes)
[LIN-DEBUG] Full frame received: 00 55 7d (3 bytes)
[LIN-DEBUG] Full frame received: 00 55 97 3a 0b 86 0b 71 00 00 ff 20 (12 bytes)
[LIN-DEBUG] Full frame received: 00 55 3c 7f 06 b2 00 17 46 00 0c 5e (12 bytes)
[LIN-DEBUG] Full frame received: 00 55 7d (3 bytes)
[LIN-DEBUG] Full frame received: 00 55 d8 (3 bytes)
[LIN-DEBUG] out > fe ff ff ff ff ff ff ff 28
[LIN-DEBUG] Full frame received: 00 55 3c 7f 06 b2 00 17 46 00 1f 4b (12 bytes)
[LIN-DEBUG] executing command: _B2 - response request
[LIN-DEBUG] Full frame received: 00 55 7d (3 bytes)
[LIN-DEBUG] out > 03 06 f2 17 46 00 1f 00 87
[LIN-DEBUG] Full frame received: 00 55 20 aa aa aa fa 00 01 e0 0f f3 (12 bytes)
[LIN-DEBUG] Full frame received: 00 55 61 55 6b c4 3c 12 01 f0 0f c9 (12 bytes)
[LIN-DEBUG] Full frame received: 00 55 e2 88 60 10 fe ff ff ff ff 25 (12 bytes)
[LIN-DEBUG] Full frame received: 00 55 3c 7f 06 b2 23 17 46 40 03 04 (12 bytes)
[LIN-DEBUG] Full frame received: 00 55 7d (3 bytes)
[LIN-DEBUG] Full frame received: 00 55 97 3a 0b 86 0b 71 00 00 ff 20 (12 bytes)
[LIN-DEBUG] Full frame received: 00 55 3c 7f 06 b2 23 17 46 00 0c 3b (12 bytes)
[LIN-DEBUG] Full frame received: 00 55 7d (3 bytes)
[LIN-DEBUG] Full frame received: 00 55 d8 (3 bytes)
[LIN-DEBUG] out > fe ff ff ff ff ff ff ff 28
[LIN-DEBUG] Full frame received: 00 55 3c 7f 06 b2 00 17 46 00 1f 4b (12 bytes)
[LIN-DEBUG] executing command: _B2 - response request
[LIN-DEBUG] Full frame received: 00 55 7d (3 bytes)
[LIN-DEBUG] out > 03 06 f2 17 46 00 1f 00 87
[LIN-DEBUG] Full frame received: 00 55 20 aa aa aa fa 00 01 e0 0f f3 (12 bytes)
[LIN-DEBUG] Full frame received: 00 55 61 55 6b c4 3c 12 01 f0 0f c9 (12 bytes)
[LIN-DEBUG] Full frame received: 00 55 e2 88 60 10 fe ff ff ff ff 25 (12 bytes)
[LIN-DEBUG] Full frame received: 00 55 3c 01 06 b8 40 03 00 00 ff fc (12 bytes)
[LIN-DEBUG] Full frame received: 00 55 7d (3 bytes)
[LIN-DEBUG] Full frame received: 00 55 97 3a 0b 86 0b 71 00 00 ff 20 (12 bytes)
[LIN-DEBUG] Full frame received: 00 55 3c 7f 06 b2 00 17 46 00 0c 5e (12 bytes)
[LIN-DEBUG] Full frame received: 00 55 7d (3 bytes)
[LIN-DEBUG] Full frame received: 00 55 d8 (3 bytes)
[LIN-DEBUG] out > fe ff ff ff ff ff ff ff 28
[LIN-DEBUG] Full frame received: 00 55 3c 7f 06 b2 00 17 46 00 1f 4b (12 bytes)
[LIN-DEBUG] executing command: _B2 - response request
[LIN-DEBUG] Full frame received: 00 55 7d (3 bytes)
[LIN-DEBUG] out > 03 06 f2 17 46 00 1f 00 87
[LIN-DEBUG] Full frame received: 00 55 20 aa aa aa fa 00 01 e0 0f f3 (12 bytes)
[LIN-DEBUG] Full frame received: 00 55 61 55 6b c4 3c 12 01 f0 0f c9 (12 bytes)
[LIN-DEBUG] Full frame received: 00 55 e2 88 60 10 fe ff ff ff ff 25 (12 bytes)
[LIN-DEBUG] Full frame received: 00 55 3c 7f 06 b2 00 17 46 40 03 27 (12 bytes)
[LIN-DEBUG] Full frame received: 00 55 7d (3 bytes)
[LIN-DEBUG] Full frame received: 00 55 97 3a 0b 86 0b 71 00 00 ff 20 (12 bytes)
[LIN-DEBUG] Full frame received: 00 55 3c 7f 06 b2 23 17 46 00 0c 3b (12 bytes)
[LIN-DEBUG] Full frame received: 00 55 7d (3 bytes)
[LIN-DEBUG] Full frame received: 00 55 d8 (3 bytes)
[LIN-DEBUG] out > fe ff ff ff ff ff ff ff 28
[LIN-DEBUG] Full frame received: 00 55 3c 7f 06 b2 00 17 46 00 1f 4b (12 bytes)
[LIN-DEBUG] executing command: _B2 - response request
[LIN-DEBUG] Full frame received: 00 55 7d (3 bytes)
[LIN-DEBUG] out > 03 06 f2 17 46 00 1f 00 87
[LIN-DEBUG] Full frame received: 00 55 20 aa aa aa fa 00 01 e0 0f f3 (12 bytes)
[LIN-DEBUG] Full frame received: 00 55 61 55 6b c4 3c 12 01 f0 0f c9 (12 bytes)
[LIN-DEBUG] Full frame received: 00 55 e2 88 60 10 fe ff ff ff ff 25 (12 bytes)
[LIN-DEBUG] Full frame received: 00 55 3c 7f 06 b2 23 17 46 40 03 04 (12 bytes)
[LIN-DEBUG] Full frame received: 00 55 7d (3 bytes)
[LIN-DEBUG] Full frame received: 00 55 97 3a 0b 86 0b 71 00 00 ff 20 (12 bytes)
[LIN-DEBUG] Full frame received: 00 55 3c 7f 06 b2 00 17 46 00 0c 5e (12 bytes)
[LIN-DEBUG] Full frame received: 00 55 7d (3 bytes)
[LIN-DEBUG] Full frame received: 00 55 d8 (3 bytes)
[LIN-DEBUG] out > fe ff ff ff ff ff ff ff 28
[LIN-DEBUG] Full frame received: 00 55 3c 7f 06 b2 00 17 46 00 1f 4b (12 bytes)
[LIN-DEBUG] executing command: _B2 - response request
[LIN-DEBUG] Full frame received: 00 55 7d (3 bytes)
[LIN-DEBUG] out > 03 06 f2 17 46 00 1f 00 87
[LIN-DEBUG] Full frame received: 00 55 20 aa aa aa fa 00 01 e0 0f f3 (12 bytes)
[LIN-DEBUG] Full frame received: 00 55 61 55 6b c4 3c 12 01 f0 0f c9 (12 bytes)
[LIN-DEBUG] Full frame received: 00 55 e2 88 60 10 fe ff ff ff ff 25 (12 bytes)
[LIN-DEBUG] Full frame received: 00 55 3c 01 06 b8 40 03 00 00 ff fc (12 bytes)
[LIN-DEBUG] Full frame received: 00 55 7d (3 bytes)
[LIN-DEBUG] Full frame received: 00 55 97 3a 0b 86 0b 71 00 00 ff 20 (12 bytes)
[LIN-DEBUG] Full frame received: 00 55 3c 7f 06 b2 23 17 46 00 0c 3b (12 bytes)
[LIN-DEBUG] Full frame received: 00 55 7d (3 bytes)
[LIN-DEBUG] Full frame received: 00 55 d8 (3 bytes)
[LIN-DEBUG] out > fe ff ff ff ff ff ff ff 28
[LIN-DEBUG] Full frame received: 00 55 3c 7f 06 b2 00 17 46 00 1f 4b (12 bytes)
[LIN-DEBUG] executing command: _B2 - response request
[LIN-DEBUG] Full frame received: 00 55 7d (3 bytes)
[LIN-DEBUG] out > 03 06 f2 17 46 00 1f 00 87
[LIN-DEBUG] Full frame received: 00 55 20 aa aa aa fa 00 01 e0 0f f3 (12 bytes)
[LIN-DEBUG] Full frame received: 00 55 61 55 6b c4 3c 12 01 f0 0f c9 (12 bytes)
[LIN-DEBUG] Full frame received: 00 55 e2 88 60 10 fe ff ff ff ff 25 (12 bytes)
[LIN-DEBUG] Full frame received: 00 55 3c 7f 06 b2 00 17 46 40 03 27 (12 bytes)
[LIN-DEBUG] Full frame received: 00 55 7d (3 bytes)
[LIN-DEBUG] Full frame received: 00 55 97 3a 0b 86 0b 71 00 00 ff 20 (12 bytes)
[LIN-DEBUG] Full frame received: 00 55 3c 7f 06 b2 00 17 46 00 0c 5e (12 bytes)
[LIN-DEBUG] Full frame received: 00 55 7d (3 bytes)
[LIN-DEBUG] Full frame received: 00 55 d8 (3 bytes)
[LIN-DEBUG] out > fe ff ff ff ff ff ff ff 28
[LIN-DEBUG] Full frame received: 00 55 3c 7f 06 b2 00 17 46 00 1f 4b (12 bytes)
[LIN-DEBUG] executing command: _B2 - response request
[LIN-DEBUG] Full frame received: 00 55 7d (3 bytes)
[LIN-DEBUG] out > 03 06 f2 17 46 00 1f 00 87
[LIN-DEBUG] Full frame received: 00 55 20 aa aa aa fa 00 01 e0 0f f3 (12 bytes)
[LIN-DEBUG] Full frame received: 00 55 61 55 6b c4 3c 12 01 f0 0f c9 (12 bytes)
[LIN-DEBUG] Full frame received: 00 55 e2 88 60 10 fe ff ff ff ff 25 (12 bytes)
[LIN-DEBUG] Full frame received: 00 55 3c 7f 06 b2 23 17 46 40 03 04 (12 bytes)
[LIN-DEBUG] Full frame received: 00 55 7d (3 bytes)
[LIN-DEBUG] Full frame received: 00 55 97 3a 0b 86 0b 71 00 00 ff 20 (12 bytes)
[LIN-DEBUG] Full frame received: 00 55 3c 7f 06 b2 23 17 46 00 0c 3b (12 bytes)
[LIN-DEBUG] Full frame received: 00 55 7d (3 bytes)
[LIN-DEBUG] Full frame received: 00 55 d8 (3 bytes)
[LIN-DEBUG] out > fe ff ff ff ff ff ff ff 28
[LIN-DEBUG] Full frame received: 00 55 3c 7f 06 b2 00 17 46 00 1f 4b (12 bytes)
[LIN-DEBUG] executing command: _B2 - response request
[LIN-DEBUG] Full frame received: 00 55 7d (3 bytes)
[LIN-DEBUG] out > 03 06 f2 17 46 00 1f 00 87
[LIN-DEBUG] Full frame received: 00 55 20 aa aa aa fa 00 01 e0 0f f3 (12 bytes)
[LIN-DEBUG] Full frame received: 00 55 61 55 6b c4 3c 12 01 f0 0f c9 (12 bytes)
[LIN-DEBUG] Full frame received: 00 55 e2 89 60 10 fe ff ff ff ff 24 (12 bytes)
[LIN-DEBUG] Full frame received: 00 55 3c 01 06 b8 40 03 00 00 ff fc (12 bytes)
[LIN-DEBUG] Full frame received: 00 55 7d (3 bytes)
[LIN-DEBUG] Full frame received: 00 55 97 3a 0b 86 0b 71 00 00 ff 20 (12 bytes)
[LIN-DEBUG] Full frame received: 00 55 3c 7f 06 b2 00 17 46 00 0c 5e (12 bytes)
[LIN-DEBUG] Full frame received: 00 55 7d (3 bytes)
[LIN-DEBUG] Full frame received: 00 55 d8 (3 bytes)
[LIN-DEBUG] out > fe ff ff ff ff ff ff ff 28
[LIN-DEBUG] Full frame received: 00 55 3c 7f 06 b2 00 17 46 00 1f 4b (12 bytes)
[LIN-DEBUG] executing command: _B2 - response request
[LIN-DEBUG] Full frame received: 00 55 7d (3 bytes)
[LIN-DEBUG] out > 03 06 f2 17 46 00 1f 00 87
[LIN-DEBUG] Full frame received: 00 55 20 aa aa aa fa 00 01 e0 0f f3 (12 bytes)
[LIN-DEBUG] Full frame received: 00 55 61 55 6b c4 3c 12 01 f0 0f c9 (12 bytes)
[LIN-DEBUG] Full frame received: 00 55 e2 89 60 10 fe ff ff ff ff 24 (12 bytes)
[LIN-DEBUG] Full frame received: 00 55 3c 7f 06 b2 00 17 46 40 03 27 (12 bytes)
[LIN-DEBUG] Full frame received: 00 55 7d (3 bytes)
[LIN-DEBUG] Full frame received: 00 55 97 3a 0b 86 0b 71 00 00 ff 20 (12 bytes)
[LIN-DEBUG] Full frame received: 00 55 3c 7f 06 b2 23 17 46 00 0c 3b (12 bytes)
[LIN-DEBUG] Full frame received: 00 55 7d (3 bytes)
[LIN-DEBUG] Full frame received: 00 55 d8 (3 bytes)
[LIN-DEBUG] out > fe ff ff ff ff ff ff ff 28
[LIN-DEBUG] Full frame received: 00 55 3c 03 05 b9 00 1f 00 00 ff 1f (12 bytes)
[LIN-DEBUG] executing command: _Heartbeat for NAD 03 - send response
[LIN-DEBUG] Full frame received: 00 55 7d (3 bytes)
[LIN-DEBUG] out > 03 02 f9 00 ff ff ff ff 01
[LIN-DEBUG] Full frame received: 00 55 20 aa aa aa fa 00 01 e0 0f f3 (12 bytes)
[LIN-DEBUG] Full frame received: 00 55 61 55 6b c4 3c 12 01 f0 0f c9 (12 bytes)
[LIN-DEBUG] Full frame received: 00 55 e2 89 60 10 fe ff ff ff ff 24 (12 bytes)
[LIN-DEBUG] Full frame received: 00 55 3c 7f 06 b2 23 17 46 40 03 04 (12 bytes)
[LIN-DEBUG] Full frame received: 00 55 7d (3 bytes)
[LIN-DEBUG] Full frame received: 00 55 97 3a 0b 86 0b 71 00 00 ff 20 (12 bytes)
[LIN-DEBUG] Full frame received: 00 55 3c 7f 06 b2 00 17 46 00 0c 5e (12 bytes)
[LIN-DEBUG] Full frame received: 00 55 7d (3 bytes)
[LIN-DEBUG] Full frame received: 00 55 d8 (3 bytes)
[LIN-DEBUG] out > fe ff ff ff ff ff ff ff 28
[LIN-DEBUG] Full frame received: 00 55 3c 03 10 29 bb 00 1f 00 1e ca (12 bytes)
[LIN-DEBUG] executing command: _Frame 1 of buffer-transfer (6 frames) from CPplus
[LIN-DEBUG] Full frame received: 00 55 3c 03 21 00 00 22 ff ff ff b9 (12 bytes)
[LIN-DEBUG] Full frame received: 00 55 3c 03 22 54 01 0c 0b 00 c7 a6 (12 bytes)
[LIN-DEBUG] Full frame received: 00 55 3c 03 23 03 00 01 00 50 00 85 (12 bytes)
[LIN-DEBUG] Full frame received: 00 55 3c 03 24 00 04 03 00 60 10 61 (12 bytes)
[LIN-DEBUG] Full frame received: 00 55 3c 03 25 00 00 00 00 00 00 d7 (12 bytes)
[LIN-DEBUG] Full frame received: 00 55 3c 03 26 00 00 00 00 00 00 d6 (12 bytes)
[LIN-DEBUG] Full frame received: 00 55 7d (3 bytes)
[LIN-DEBUG] out > 03 01 fb ff ff ff ff ff 00
[LIN-DEBUG] Full frame received: 00 55 20 aa aa aa fa 00 01 e0 0f f3 (12 bytes)
[LIN-DEBUG] Full frame received: 00 55 61 55 6b c4 3c 12 01 f0 0f c9 (12 bytes)
[LIN-DEBUG] Full frame received: 00 55 e2 89 60 10 fe ff ff ff ff 24 (12 bytes)
[LIN-DEBUG] Full frame received: 00 55 3c 01 06 b8 40 03 00 00 ff fc (12 bytes)
[LIN-DEBUG] Full frame received: 00 55 7d (3 bytes)
[LIN-DEBUG] Full frame received: 00 55 97 3a 0b 86 0b 71 00 00 ff 20 (12 bytes)
[LIN-DEBUG] Full frame received: 00 55 3c 7f 06 b2 23 17 46 00 0c 3b (12 bytes)
[LIN-DEBUG] Full frame received: 00 55 7d (3 bytes)
[LIN-DEBUG] Full frame received: 00 55 d8 (3 bytes)
[LIN-DEBUG] out > fe ff ff ff ff ff ff ff 28
[LIN-DEBUG] Full frame received: 00 55 3c ff ff ff ff ff ff ff ff 00 (12 bytes)
[LIN-DEBUG] Full frame received: 00 55 7d (3 bytes)
[LIN-DEBUG] Full frame received: 00 55 20 aa aa aa fa 00 01 e0 0f f3 (12 bytes)
[LIN-DEBUG] Full frame received: 00 55 61 55 6b c4 3c 12 01 f0 0f c9 (12 bytes)
[LIN-DEBUG] Full frame received: 00 55 e2 89 60 10 fe ff ff ff ff 24 (12 bytes)
[LIN-DEBUG] Full frame received: 00 55 3c 7f 06 b2 00 17 46 40 03 27 (12 bytes)
[LIN-DEBUG] Full frame received: 00 55 7d (3 bytes)
[LIN-DEBUG] Full frame received: 00 55 97 3a 0b 86 0b 71 00 00 ff 20 (12 bytes)
[LIN-DEBUG] Full frame received: 00 55 3c 7f 06 b2 00 17 46 00 0c 5e (12 bytes)
[LIN-DEBUG] Full frame received: 00 55 7d (3 bytes)
[LIN-DEBUG] Full frame received: 00 55 d8 (3 bytes)
[LIN-DEBUG] out > fe ff ff ff ff ff ff ff 28
[LIN-DEBUG] Full frame received: 00 55 3c 03 05 b9 00 1f 00 00 ff 1f (12 bytes)
[LIN-DEBUG] executing command: _Heartbeat for NAD 03 - send response
[LIN-DEBUG] Full frame received: 00 55 7d (3 bytes)
[LIN-DEBUG] out > 03 02 f9 00 ff ff ff ff 01
[LIN-DEBUG] Full frame received: 00 55 20 5e ab aa 00 12 d2 e0 0f 56 (12 bytes)
[LIN-DEBUG] Full frame received: 00 55 61 55 6b c4 3c 12 01 f0 0f c9 (12 bytes)
[LIN-DEBUG] Full frame received: 00 55 e2 8d 60 10 fe ff ff ff ff 20 (12 bytes)
[LIN-DEBUG] Full frame received: 00 55 3c 7f 06 b2 23 17 46 40 03 04 (12 bytes)
[LIN-DEBUG] Full frame received: 00 55 7d (3 bytes)
[LIN-DEBUG] Full frame received: 00 55 97 3a 0b 86 0b 71 00 00 ff 20 (12 bytes)
[LIN-DEBUG] Full frame received: 00 55 3c 7f 06 b2 23 17 46 00 0c 3b (12 bytes)
[LIN-DEBUG] Full frame received: 00 55 7d (3 bytes)
[LIN-DEBUG] Full frame received: 00 55 d8 (3 bytes)
[LIN-DEBUG] out > fe ff ff ff ff ff ff ff 28
[LIN-DEBUG] Full frame received: 00 55 3c 03 10 29 bb 00 1f 00 1e ca (12 bytes)
[LIN-DEBUG] executing command: _Frame 1 of buffer-transfer (6 frames) from CPplus
[LIN-DEBUG] Full frame received: 00 55 3c 03 21 00 00 22 ff ff ff b9 (12 bytes)
[LIN-DEBUG] Full frame received: 00 55 3c 03 22 54 01 0c 0b 00 3c 32 (12 bytes)
[LIN-DEBUG] Full frame received: 00 55 3c 03 23 03 01 01 00 40 03 91 (12 bytes)
[LIN-DEBUG] Full frame received: 00 55 3c 03 24 0b 01 02 01 00 00 c9 (12 bytes)
[LIN-DEBUG] Full frame received: 00 55 3c 03 25 00 00 00 00 00 00 d7 (12 bytes)
[LIN-DEBUG] Full frame received: 00 55 3c 03 26 00 00 00 00 00 00 d6 (12 bytes)
[LIN-DEBUG] Full frame received: 00 55 7d (3 bytes)
[LIN-DEBUG] out > 03 01 fb ff ff ff ff ff 00
[LIN-DEBUG] Full frame received: 00 55 20 5e ab aa 00 12 d2 e0 0f 56 (12 bytes)
[LIN-DEBUG] Full frame received: 00 55 61 55 6b c4 3c 12 01 f0 0f c9 (12 bytes)
[LIN-DEBUG] Full frame received: 00 55 e2 8d 60 10 fe ff ff ff ff 20 (12 bytes)
[LIN-DEBUG] Full frame received: 00 55 3c 01 06 b8 40 03 01 00 ff fb (12 bytes)
[LIN-DEBUG] Full frame received: 00 55 7d (3 bytes)
[LIN-DEBUG] Full frame received: 00 55 97 3a 0b 86 0b 71 00 00 ff 20 (12 bytes)
[LIN-DEBUG] Full frame received: 00 55 3c 7f 06 b2 00 17 46 00 0c 5e (12 bytes)
[LIN-DEBUG] Full frame received: 00 55 7d (3 bytes)
[LIN-DEBUG] Full frame received: 00 55 d8 (3 bytes)
[LIN-DEBUG] out > fe ff ff ff ff ff ff ff 28
[LIN-DEBUG] Full frame received: 00 55 3c ff ff ff ff ff ff ff ff 00 (12 bytes)
[LIN-DEBUG] Full frame received: 00 55 7d (3 bytes)
[LIN-DEBUG] Full frame received: 00 55 20 5e ab aa 00 12 d2 e0 0f 56 (12 bytes)
[LIN-DEBUG] Full frame received: 00 55 61 55 6b c4 3c 12 02 f0 0f c8 (12 bytes)
[LIN-DEBUG] Full frame received: 00 55 e2 8d 60 10 fe ff ff ff ff 20 (12 bytes)
[LIN-DEBUG] Full frame received: 00 55 3c 7f 06 b2 00 17 46 40 03 27 (12 bytes)
[LIN-DEBUG] Full frame received: 00 55 7d (3 bytes)
[LIN-DEBUG] Full frame received: 00 55 97 3a 0b 86 0b 71 00 00 ff 20 (12 bytes)
[LIN-DEBUG] Full frame received: 00 55 3c 7f 06 b2 23 17 46 00 0c 3b (12 bytes)
[LIN-DEBUG] Full frame received: 00 55 7d (3 bytes)
[LIN-DEBUG] Full frame received: 00 55 d8 (3 bytes)
[LIN-DEBUG] out > fe ff ff ff ff ff ff ff 28
[LIN-DEBUG] Full frame received: 00 55 3c 03 05 b9 00 1f 00 00 ff 1f (12 bytes)
[LIN-DEBUG] executing command: _Heartbeat for NAD 03 - send response
[LIN-DEBUG] Full frame received: 00 55 7d (3 bytes)
[LIN-DEBUG] out > 03 02 f9 00 ff ff ff ff 01
[LIN-DEBUG] Full frame received: 00 55 20 5e ab aa 00 12 d2 e0 0f 56 (12 bytes)
[LIN-DEBUG] Full frame received: 00 55 61 55 6b c4 3c 12 02 f0 0f c8 (12 bytes)
[LIN-DEBUG] Full frame received: 00 55 e2 8d 60 10 fe ff ff ff ff 20 (12 bytes)
[LIN-DEBUG] Full frame received: 00 55 3c 7f 06 b2 23 17 46 40 03 04 (12 bytes)
[LIN-DEBUG] Full frame received: 00 55 7d (3 bytes)
[LIN-DEBUG] Full frame received: 00 55 97 3a 0b 86 0b 71 00 00 ff 20 (12 bytes)
[LIN-DEBUG] Full frame received: 00 55 3c 7f 06 b2 00 17 46 00 0c 5e (12 bytes)
[LIN-DEBUG] Full frame received: 00 55 7d (3 bytes)
[LIN-DEBUG] Full frame received: 00 55 d8 (3 bytes)
[LIN-DEBUG] out > fe ff ff ff ff ff ff ff 28
[LIN-DEBUG] Full frame received: 00 55 3c 03 10 29 bb 00 1f 00 1e ca (12 bytes)
[LIN-DEBUG] executing command: _Frame 1 of buffer-transfer (6 frames) from CPplus
[LIN-DEBUG] Full frame received: 00 55 3c 03 21 00 00 22 ff ff ff b9 (12 bytes)
[LIN-DEBUG] Full frame received: 00 55 3c 03 22 54 01 0c 0b 00 7d f0 (12 bytes)
[LIN-DEBUG] Full frame received: 00 55 3c 03 23 03 02 01 00 00 0c c7 (12 bytes)
[LIN-DEBUG] Full frame received: 00 55 3c 03 24 01 01 00 02 00 00 d4 (12 bytes)
[LIN-DEBUG] Full frame received: 00 55 3c 03 25 00 00 00 00 00 00 d7 (12 bytes)
[LIN-DEBUG] Full frame received: 00 55 3c 03 26 00 00 00 00 00 00 d6 (12 bytes)
[LIN-DEBUG] Full frame received: 00 55 7d (3 bytes)
[LIN-DEBUG] out > 03 01 fb ff ff ff ff ff 00
[LIN-DEBUG] Full frame received: 00 55 20 5e ab aa 00 12 d2 e0 0f 56 (12 bytes)
[LIN-DEBUG] Full frame received: 00 55 61 55 6b c4 3c 12 02 f0 0f c8 (12 bytes)
[LIN-DEBUG] Full frame received: 00 55 e2 8d 60 10 fe ff ff ff ff 20 (12 bytes)
[LIN-DEBUG] Full frame received: 00 55 3c 01 06 b8 40 03 01 00 ff fb (12 bytes)
[LIN-DEBUG] Full frame received: 00 55 7d (3 bytes)
[LIN-DEBUG] Full frame received: 00 55 97 3a 0b 86 0b 71 00 00 ff 20 (12 bytes)
[LIN-DEBUG] Full frame received: 00 55 3c 7f 06 b2 23 17 46 00 0c 3b (12 bytes)
[LIN-DEBUG] Full frame received: 00 55 7d (3 bytes)
[LIN-DEBUG] Full frame received: 00 55 d8 (3 bytes)
[LIN-DEBUG] out > fe ff ff ff ff ff ff ff 28
[LIN-DEBUG] Full frame received: 00 55 3c ff ff ff ff ff ff ff ff 00 (12 bytes)
[LIN-DEBUG] Full frame received: 00 55 7d (3 bytes)
[LIN-DEBUG] Full frame received: 00 55 20 5e ab aa 00 12 d2 e0 0f 56 (12 bytes)
[LIN-DEBUG] Full frame received: 00 55 61 55 6b c4 3c 12 02 f0 0f c8 (12 bytes)
[LIN-DEBUG] Full frame received: 00 55 e2 8d 60 10 fe ff ff ff ff 20 (12 bytes)
[LIN-DEBUG] Full frame received: 00 55 3c 7f 06 b2 00 17 46 40 03 27 (12 bytes)
[LIN-DEBUG] Full frame received: 00 55 7d (3 bytes)
[LIN-DEBUG] Full frame received: 00 55 97 3a 0b 86 0b 71 00 00 ff 20 (12 bytes)
[LIN-DEBUG] Full frame received: 00 55 3c 7f 06 b2 00 17 46 00 0c 5e (12 bytes)
[LIN-DEBUG] Full frame received: 00 55 7d (3 bytes)
[LIN-DEBUG] Full frame received: 00 55 d8 (3 bytes)
[LIN-DEBUG] out > fe ff ff ff ff ff ff ff 28
[LIN-DEBUG] Full frame received: 00 55 3c 03 05 b9 00 1f 00 00 ff 1f (12 bytes)
[LIN-DEBUG] executing command: _Heartbeat for NAD 03 - send response
[LIN-DEBUG] Full frame received: 00 55 7d (3 bytes)
[LIN-DEBUG] out > 03 02 f9 00 ff ff ff ff 01
[LIN-DEBUG] Full frame received: 00 55 20 5e ab aa 00 12 d2 e0 0f 56 (12 bytes)
[LIN-DEBUG] Full frame received: 00 55 61 55 6b c4 3c 12 02 f0 0f c8 (12 bytes)
[LIN-DEBUG] Full frame received: 00 55 e2 8d 60 10 fe ff ff ff ff 20 (12 bytes)
[LIN-DEBUG] Full frame received: 00 55 3c 7f 06 b2 23 17 46 40 03 04 (12 bytes)
[LIN-DEBUG] Full frame received: 00 55 7d (3 bytes)
[LIN-DEBUG] Full frame received: 00 55 97 3a 0b 86 0b 71 00 00 ff 20 (12 bytes)
[LIN-DEBUG] Full frame received: 00 55 3c 7f 06 b2 23 17 46 00 0c 3b (12 bytes)
[LIN-DEBUG] Full frame received: 00 55 7d (3 bytes)
[LIN-DEBUG] Full frame received: 00 55 d8 (3 bytes)
[LIN-DEBUG] out > fe ff ff ff ff ff ff ff 28
[LIN-DEBUG] Full frame received: 00 55 3c 03 10 29 bb 00 1f 00 1e ca (12 bytes)
[LIN-DEBUG] executing command: _Frame 1 of buffer-transfer (6 frames) from CPplus
[LIN-DEBUG] Full frame received: 00 55 3c 03 21 00 00 22 ff ff ff b9 (12 bytes)
[LIN-DEBUG] Full frame received: 00 55 3c 03 22 54 01 14 33 00 82 bb (12 bytes)
[LIN-DEBUG] Full frame received: 00 55 3c 03 23 00 00 00 00 00 00 d9 (12 bytes)
[LIN-DEBUG] Full frame received: 00 55 3c 03 24 00 00 00 00 01 01 d6 (12 bytes)
[LIN-DEBUG] Full frame received: 00 55 3c 03 25 6c 0c 55 0b 06 00 f8 (12 bytes)
[LIN-DEBUG] Full frame received: 00 55 3c 03 26 00 00 00 00 00 00 d6 (12 bytes)
[LIN-DEBUG] Full frame received: 00 55 7d (3 bytes)
[LIN-DEBUG] out > 03 01 fb ff ff ff ff ff 00
[LIN-DEBUG] Full frame received: 00 55 20 5e ab aa 00 12 d2 e0 0f 56 (12 bytes)
[LIN-DEBUG] Full frame received: 00 55 61 55 6b c4 3c 12 02 f0 0f c8 (12 bytes)
[LIN-DEBUG] Full frame received: 00 55 e2 8e 60 10 fe ff ff ff ff 1f (12 bytes)
[LIN-DEBUG] Full frame received: 00 55 3c 01 06 b8 40 03 01 00 ff fb (12 bytes)
[LIN-DEBUG] Full frame received: 00 55 7d (3 bytes)
[LIN-DEBUG] Full frame received: 00 55 97 3a 0b 86 0b 71 00 00 ff 20 (12 bytes)
[LIN-DEBUG] Full frame received: 00 55 3c 7f 06 b2 00 17 46 00 0c 5e (12 bytes)
[LIN-DEBUG] Full frame received: 00 55 7d (3 bytes)
[LIN-DEBUG] Full frame received: 00 55 d8 (3 bytes)
[LIN-DEBUG] out > fe ff ff ff ff ff ff ff 28
[LIN-DEBUG] Full frame received: 00 55 3c ff ff ff ff ff ff ff ff 00 (12 bytes)
[LIN-DEBUG] Full frame received: 00 55 7d (3 bytes)
[LIN-DEBUG] Full frame received: 00 55 20 5e ab aa 00 12 d2 e0 0f 56 (12 bytes)
[LIN-DEBUG] Full frame received: 00 55 61 55 6b c4 3c 12 02 f0 0f c8 (12 bytes)
[LIN-DEBUG] Full frame received: 00 55 e2 8d 60 10 fe ff ff ff ff 20 (12 bytes)
[LIN-DEBUG] Full frame received: 00 55 3c 7f 06 b2 00 17 46 40 03 27 (12 bytes)
[LIN-DEBUG] Full frame received: 00 55 7d (3 bytes)
[LIN-DEBUG] Full frame received: 00 55 97 3a 0b 86 0b 71 00 00 ff 20 (12 bytes)
[LIN-DEBUG] Full frame received: 00 55 3c 7f 06 b2 23 17 46 00 0c 3b (12 bytes)
[LIN-DEBUG] Full frame received: 00 55 7d (3 bytes)
[LIN-DEBUG] Full frame received: 00 55 d8 (3 bytes)
[LIN-DEBUG] out > fe ff ff ff ff ff ff ff 28
[LIN-DEBUG] Full frame received: 00 55 3c 03 05 b9 00 1f 00 00 ff 1f (12 bytes)
[LIN-DEBUG] executing command: _Heartbeat for NAD 03 - send response
[LIN-DEBUG] Full frame received: 00 55 7d (3 bytes)
[LIN-DEBUG] out > 03 02 f9 00 ff ff ff ff 01
[LIN-DEBUG] Full frame received: 00 55 20 5e ab aa 00 12 d2 e0 0f 56 (12 bytes)
[LIN-DEBUG] Full frame received: 00 55 61 55 6b c4 3c 12 02 f0 0f c8 (12 bytes)
[LIN-DEBUG] Full frame received: 00 55 e2 8e 60 10 fe ff ff ff ff 1f (12 bytes)
[LIN-DEBUG] Full frame received: 00 55 3c 7f 06 b2 23 17 46 40 03 04 (12 bytes)
[LIN-DEBUG] Full frame received: 00 55 7d (3 bytes)
[LIN-DEBUG] Full frame received: 00 55 97 3a 0b 86 0b 71 00 00 ff 20 (12 bytes)
[LIN-DEBUG] Full frame received: 00 55 3c 7f 06 b2 00 17 46 00 0c 5e (12 bytes)
[LIN-DEBUG] Full frame received: 00 55 7d (3 bytes)
[LIN-DEBUG] Full frame received: 00 55 d8 (3 bytes)
[LIN-DEBUG] out > fe ff ff ff ff ff ff ff 28
[LIN-DEBUG] Full frame received: 00 55 3c 03 10 29 bb 00 1f 00 1e ca (12 bytes)
[LIN-DEBUG] executing command: _Frame 1 of buffer-transfer (6 frames) from CPplus
[LIN-DEBUG] Full frame received: 00 55 3c 03 21 00 00 22 ff ff ff b9 (12 bytes)
[LIN-DEBUG] Full frame received: 00 55 3c 03 22 54 01 12 35 00 33 0b (12 bytes)
[LIN-DEBUG] Full frame received: 00 55 3c 03 23 00 00 71 01 00 00 67 (12 bytes)
[LIN-DEBUG] Full frame received: 00 55 3c 03 24 00 00 3a 0b 00 00 93 (12 bytes)
[LIN-DEBUG] Full frame received: 00 55 3c 03 25 00 00 00 00 6c 0c 5f (12 bytes)
[LIN-DEBUG] Full frame received: 00 55 3c 03 26 00 00 00 00 00 00 d6 (12 bytes)
[LIN-DEBUG] Full frame received: 00 55 7d (3 bytes)
[LIN-DEBUG] out > 03 01 fb ff ff ff ff ff 00
[LIN-DEBUG] Full frame received: 00 55 20 5e ab aa 00 12 d2 e0 0f 56 (12 bytes)
[LIN-DEBUG] Full frame received: 00 55 61 55 6b c4 3c 12 22 f0 0f a8 (12 bytes)
[LIN-DEBUG] Full frame received: 00 55 e2 8e f0 10 fe ff ff ff ff 8e (12 bytes)
[LIN-DEBUG] Full frame received: 00 55 3c 01 06 b8 40 03 01 00 ff fb (12 bytes)
[LIN-DEBUG] Full frame received: 00 55 7d (3 bytes)
[LIN-DEBUG] Full frame received: 00 55 97 3a 0b 86 0b 71 00 00 ff 20 (12 bytes)
[LIN-DEBUG] Full frame received: 00 55 3c 7f 06 b2 23 17 46 00 0c 3b (12 bytes)
[LIN-DEBUG] Full frame received: 00 55 7d (3 bytes)
[LIN-DEBUG] Full frame received: 00 55 d8 (3 bytes)
[LIN-DEBUG] out > fe ff ff ff ff ff ff ff 28
[LIN-DEBUG] Full frame received: 00 55 3c ff ff ff ff ff ff ff ff 00 (12 bytes)
[LIN-DEBUG] Full frame received: 00 55 7d (3 bytes)
[LIN-DEBUG] Full frame received: 00 55 20 5e ab aa 00 12 d2 e0 0f 56 (12 bytes)
[LIN-DEBUG] Full frame received: 00 55 61 55 6b c4 3c 12 22 f0 0f a8 (12 bytes)
[LIN-DEBUG] Full frame received: 00 55 e2 8d f0 10 fe ff ff ff ff 8f (12 bytes)
[LIN-DEBUG] Full frame received: 00 55 3c 7f 06 b2 00 17 46 40 03 27 (12 bytes)
[LIN-DEBUG] Full frame received: 00 55 7d (3 bytes)
[LIN-DEBUG] Full frame received: 00 55 97 3a 0b 86 0b 71 00 00 ff 20 (12 bytes)
[LIN-DEBUG] Full frame received: 00 55 3c 7f 06 b2 00 17 46 00 0c 5e (12 bytes)
[LIN-DEBUG] Full frame received: 00 55 7d (3 bytes)
[LIN-DEBUG] Full frame received: 00 55 d8 (3 bytes)
[LIN-DEBUG] out > fe ff ff ff ff ff ff ff 28
[LIN-DEBUG] Full frame received: 00 55 3c 03 05 b9 00 1f 00 00 ff 1f (12 bytes)
[LIN-DEBUG] executing command: _Heartbeat for NAD 03 - send response
[LIN-DEBUG] Full frame received: 00 55 7d (3 bytes)
[LIN-DEBUG] out > 03 02 f9 00 ff ff ff ff 01
[LIN-DEBUG] Full frame received: 00 55 20 5e ab aa 00 12 d2 e0 0f 56 (12 bytes)
[LIN-DEBUG] Full frame received: 00 55 61 55 6b c4 3c 12 22 f0 0f a8 (12 bytes)
[LIN-DEBUG] Full frame received: 00 55 e2 8e f0 10 fe ff ff ff ff 8e (12 bytes)
[LIN-DEBUG] Full frame received: 00 55 3c 7f 06 b2 23 17 46 40 03 04 (12 bytes)
[LIN-DEBUG] Full frame received: 00 55 7d (3 bytes)
[LIN-DEBUG] Full frame received: 00 55 97 3a 0b 86 0b 71 00 00 ff 20 (12 bytes)
[LIN-DEBUG] Full frame received: 00 55 3c 7f 06 b2 23 17 46 00 0c 3b (12 bytes)
[LIN-DEBUG] Full frame received: 00 55 7d (3 bytes)
[LIN-DEBUG] Full frame received: 00 55 d8 (3 bytes)
[LIN-DEBUG] out > fe ff ff ff ff ff ff ff 28
[LIN-DEBUG] Full frame received: 00 55 3c 03 10 29 bb 00 1f 00 1e ca (12 bytes)
[LIN-DEBUG] executing command: _Frame 1 of buffer-transfer (6 frames) from CPplus
[LIN-DEBUG] Full frame received: 00 55 3c 03 21 00 00 22 ff ff ff b9 (12 bytes)
[LIN-DEBUG] Full frame received: 00 55 3c 03 22 54 01 18 3d 00 53 dc (12 bytes)
[LIN-DEBUG] Full frame received: 00 55 3c 03 23 00 00 00 00 00 00 d9 (12 bytes)
[LIN-DEBUG] Full frame received: 00 55 3c 03 24 00 00 00 00 01 01 d6 (12 bytes)
[LIN-DEBUG] Full frame received: 00 55 3c 03 25 00 00 00 00 00 00 d7 (12 bytes)
[LIN-DEBUG] Full frame received: 00 55 3c 03 26 00 00 00 00 00 00 d6 (12 bytes)
[LIN-DEBUG] Full frame received: 00 55 7d (3 bytes)
[LIN-DEBUG] out > 03 01 fb ff ff ff ff ff 00
[LIN-DEBUG] Full frame received: 00 55 20 5e ab aa 00 12 d2 e0 0f 56 (12 bytes)
[LIN-DEBUG] Full frame received: 00 55 61 55 6b c4 3c 12 22 f0 0f a8 (12 bytes)
[LIN-DEBUG] Full frame received: 00 55 e2 8e f0 10 fe ff ff ff ff 8e (12 bytes)
[LIN-DEBUG] Full frame received: 00 55 3c 01 06 b8 40 03 01 00 ff fb (12 bytes)
[LIN-DEBUG] Full frame received: 00 55 7d (3 bytes)
[LIN-DEBUG] Full frame received: 00 55 97 3a 0b 86 0b 71 00 00 ff 20 (12 bytes)
[LIN-DEBUG] Full frame received: 00 55 3c 7f 06 b2 00 17 46 00 0c 5e (12 bytes)
[LIN-DEBUG] Full frame received: 00 55 7d (3 bytes)
[LIN-DEBUG] Full frame received: 00 55 d8 (3 bytes)
[LIN-DEBUG] out > fe ff ff ff ff ff ff ff 28
[LIN-DEBUG] Full frame received: 00 55 3c ff ff ff ff ff ff ff ff 00 (12 bytes)
[LIN-DEBUG] Full frame received: 00 55 7d (3 bytes)
[LIN-DEBUG] Full frame received: 00 55 20 5e ab aa 00 12 d2 e0 0f 56 (12 bytes)
[LIN-DEBUG] Full frame received: 00 55 61 55 6b c4 3c 12 22 f0 0f a8 (12 bytes)
[LIN-DEBUG] Full frame received: 00 55 e2 8e f0 10 fe ff ff ff ff 8e (12 bytes)
[LIN-DEBUG] Full frame received: 00 55 3c 7f 06 b2 00 17 46 40 03 27 (12 bytes)
[LIN-DEBUG] Full frame received: 00 55 7d (3 bytes)
[LIN-DEBUG] Full frame received: 00 55 97 3a 0b 86 0b 71 00 00 ff 20 (12 bytes)
[LIN-DEBUG] Full frame received: 00 55 3c 7f 06 b2 23 17 46 00 0c 3b (12 bytes)
[LIN-DEBUG] Full frame received: 00 55 7d (3 bytes)
[LIN-DEBUG] Full frame received: 00 55 d8 (3 bytes)
[LIN-DEBUG] out > fe ff ff ff ff ff ff ff 28
[LIN-DEBUG] Full frame received: 00 55 3c 03 05 b9 00 1f 00 00 ff 1f (12 bytes)
[LIN-DEBUG] executing command: _Heartbeat for NAD 03 - send response
[LIN-DEBUG] Full frame received: 00 55 7d (3 bytes)
[LIN-DEBUG] out > 03 02 f9 00 ff ff ff ff 01
[LIN-DEBUG] Full frame received: 00 55 20 5e ab aa 00 12 d2 e0 0f 56 (12 bytes)
[LIN-DEBUG] Full frame received: 00 55 61 55 6b c4 3c 12 22 f0 0f a8 (12 bytes)
[LIN-DEBUG] Full frame received: 00 55 e2 8e f0 10 fe ff ff ff ff 8e (12 bytes)
[LIN-DEBUG] Full frame received: 00 55 3c 7f 06 b2 23 17 46 40 03 04 (12 bytes)
[LIN-DEBUG] Full frame received: 00 55 7d (3 bytes)
[LIN-DEBUG] Full frame received: 00 55 97 3a 0b 86 0b 71 00 00 ff 20 (12 bytes)
[LIN-DEBUG] Full frame received: 00 55 3c 7f 06 b2 00 17 46 00 0c 5e (12 bytes)
[LIN-DEBUG] Full frame received: 00 55 7d (3 bytes)
[LIN-DEBUG] Full frame received: 00 55 d8 (3 bytes)
[LIN-DEBUG] out > fe ff ff ff ff ff ff ff 28
[LIN-DEBUG] Full frame received: 00 55 3c 03 10 29 bb 00 1f 00 1e ca (12 bytes)
[LIN-DEBUG] executing command: _Frame 1 of buffer-transfer (6 frames) from CPplus
[LIN-DEBUG] Full frame received: 00 55 3c 03 21 00 00 22 ff ff ff b9 (12 bytes)
[LIN-DEBUG] Full frame received: 00 55 3c 03 22 54 01 16 3f 00 e2 4d (12 bytes)
[LIN-DEBUG] Full frame received: 00 55 3c 03 23 00 00 71 01 00 00 67 (12 bytes)
[LIN-DEBUG] Full frame received: 00 55 3c 03 24 00 00 00 00 00 00 d8 (12 bytes)
[LIN-DEBUG] map_or_debug:unknown value timer_target_temp_room
[LIN-DEBUG] map_or_debug:unknown value timer_target_temp_water
[LIN-DEBUG] map_or_debug:unknown value timer_active
[LIN-DEBUG] map_or_debug:unknown value timer_start_minutes
[LIN-DEBUG] map_or_debug:unknown value timer_start_hours
[LIN-DEBUG] map_or_debug:unknown value timer_stop_minutes
[LIN-DEBUG] map_or_debug:unknown value timer_stop_hours
[LIN-DEBUG] Full frame received: 00 55 3c 03 25 00 00 00 00 00 00 d7 (12 bytes)
[LIN-DEBUG] Full frame received: 00 55 3c 03 26 00 00 00 00 00 00 d6 (12 bytes)
[LIN-DEBUG] Full frame received: 00 55 7d (3 bytes)
[LIN-DEBUG] out > 03 01 fb ff ff ff ff ff 00
[LIN-DEBUG] Full frame received: 00 55 20 5e ab aa 00 12 d2 e0 0f 56 (12 bytes)
[LIN-DEBUG] Full frame received: 00 55 61 55 6b c4 3c 12 22 f0 0f a8 (12 bytes)
[LIN-DEBUG] Full frame received: 00 55 e2 8e f0 10 fe ff ff ff ff 8e (12 bytes)
[LIN-DEBUG] Full frame received: 00 55 3c 01 06 b8 40 03 01 00 ff fb (12 bytes)
[LIN-DEBUG] Full frame received: 00 55 7d (3 bytes)
[LIN-DEBUG] Full frame received: 00 55 97 3a 0b 86 0b 71 00 00 ff 20 (12 bytes)
[LIN-DEBUG] Full frame received: 00 55 3c 7f 06 b2 23 17 46 00 0c 3b (12 bytes)
[LIN-DEBUG] Full frame received: 00 55 7d (3 bytes)
[LIN-DEBUG] Full frame received: 00 55 d8 (3 bytes)
[LIN-DEBUG] out > fe ff ff ff ff ff ff ff 28
[LIN-DEBUG] Full frame received: 00 55 3c ff ff ff ff ff ff ff ff 00 (12 bytes)
[LIN-DEBUG] Full frame received: 00 55 7d (3 bytes)
[LIN-DEBUG] Full frame received: 00 55 20 5e ab aa 00 12 d2 e0 0f 56 (12 bytes)
[LIN-DEBUG] Full frame received: 00 55 61 55 6b c4 3c 12 32 f0 0f 98 (12 bytes)
[LIN-DEBUG] Full frame received: 00 55 e2 8e f0 10 fe ff ff ff ff 8e (12 bytes)
[LIN-DEBUG] Full frame received: 00 55 3c 7f 06 b2 00 17 46 40 03 27 (12 bytes)
[LIN-DEBUG] Full frame received: 00 55 7d (3 bytes)
[LIN-DEBUG] Full frame received: 00 55 97 3a 0b 86 0b 71 00 00 ff 20 (12 bytes)
[LIN-DEBUG] Full frame received: 00 55 3c 7f 06 b2 00 17 46 00 0c 5e (12 bytes)
[LIN-DEBUG] Full frame received: 00 55 7d (3 bytes)
[LIN-DEBUG] Full frame received: 00 55 d8 (3 bytes)
[LIN-DEBUG] out > fe ff ff ff ff ff ff ff 28
[LIN-DEBUG] Full frame received: 00 55 3c 03 05 b9 00 1f 00 00 ff 1f (12 bytes)
[LIN-DEBUG] executing command: _Heartbeat for NAD 03 - send response
[LIN-DEBUG] Full frame received: 00 55 7d (3 bytes)
[LIN-DEBUG] out > 03 02 f9 00 ff ff ff ff 01
[LIN-DEBUG] Full frame received: 00 55 20 5e ab aa 00 12 d2 e0 0f 56 (12 bytes)
[LIN-DEBUG] Full frame received: 00 55 61 55 6b c4 3c 12 32 f0 0f 98 (12 bytes)
[LIN-DEBUG] Full frame received: 00 55 e2 8e f0 10 fe ff ff ff ff 8e (12 bytes)
[LIN-DEBUG] Full frame received: 00 55 3c 7f 06 b2 23 17 46 40 03 04 (12 bytes)
[LIN-DEBUG] Full frame received: 00 55 7d (3 bytes)
[LIN-DEBUG] Full frame received: 00 55 97 3a 0b 86 0b 71 00 00 ff 20 (12 bytes)
[LIN-DEBUG] Full frame received: 00 55 3c 7f 06 b2 23 17 46 00 0c 3b (12 bytes)
[LIN-DEBUG] Full frame received: 00 55 7d (3 bytes)
[LIN-DEBUG] Full frame received: 00 55 d8 (3 bytes)
[LIN-DEBUG] out > fe ff ff ff ff ff ff ff 28
[LIN-DEBUG] Full frame received: 00 55 3c 03 10 29 bb 00 1f 00 1e ca (12 bytes)
[LIN-DEBUG] executing command: _Frame 1 of buffer-transfer (6 frames) from CPplus
[LIN-DEBUG] Full frame received: 00 55 3c 03 21 00 00 22 ff ff ff b9 (12 bytes)
[LIN-DEBUG] Full frame received: 00 55 3c 03 22 54 01 0a 17 00 0f 55 (12 bytes)
[LIN-DEBUG] Full frame received: 00 55 3c 03 23 06 01 b4 0a aa 0a 5f (12 bytes)
[LIN-DEBUG] Full frame received: 00 55 3c 03 24 00 00 00 00 00 00 d8 (12 bytes)
[LIN-DEBUG] Full frame received: 00 55 3c 03 25 00 00 00 00 00 00 d7 (12 bytes)
[LIN-DEBUG] Full frame received: 00 55 3c 03 26 00 00 00 00 00 00 d6 (12 bytes)
[LIN-DEBUG] Full frame received: 00 55 7d (3 bytes)
[LIN-DEBUG] out > 03 01 fb ff ff ff ff ff 00
[LIN-DEBUG] Full frame received: 00 55 20 5e ab aa 00 12 d2 e0 0f 56 (12 bytes)
[LIN-DEBUG] Full frame received: 00 55 61 55 6b c4 3c 12 32 f0 0f 98 (12 bytes)
[LIN-DEBUG] Full frame received: 00 55 e2 8e f0 10 fe ff ff ff ff 8e (12 bytes)
[LIN-DEBUG] Full frame received: 00 55 3c 01 06 b8 40 03 01 00 ff fb (12 bytes)
[LIN-DEBUG] Full frame received: 00 55 7d (3 bytes)
[LIN-DEBUG] Full frame received: 00 55 97 3a 0b 86 0b 71 00 00 ff 20 (12 bytes)
[LIN-DEBUG] Full frame received: 00 55 3c 7f 06 b2 00 17 46 00 0c 5e (12 bytes)
[LIN-DEBUG] Full frame received: 00 55 7d (3 bytes)
[LIN-DEBUG] Full frame received: 00 55 d8 (3 bytes)
[LIN-DEBUG] out > fe ff ff ff ff ff ff ff 28
[LIN-DEBUG] Full frame received: 00 55 3c ff ff ff ff ff ff ff ff 00 (12 bytes)
[LIN-DEBUG] Full frame received: 00 55 7d (3 bytes)
[LIN-DEBUG] Full frame received: 00 55 20 5e ab aa 00 12 d2 e0 0f 56 (12 bytes)
[LIN-DEBUG] Full frame received: 00 55 61 55 6b c4 3c 12 32 f0 0f 98 (12 bytes)
[LIN-DEBUG] Full frame received: 00 55 e2 8e f0 10 fe ff ff ff ff 8e (12 bytes)
[LIN-DEBUG] Full frame received: 00 55 3c 7f 06 b2 00 17 46 40 03 27 (12 bytes)
[LIN-DEBUG] Full frame received: 00 55 7d (3 bytes)
[LIN-DEBUG] Full frame received: 00 55 97 3a 0b 86 0b 71 00 00 ff 20 (12 bytes)
[LIN-DEBUG] Full frame received: 00 55 3c 7f 06 b2 23 17 46 00 0c 3b (12 bytes)
[LIN-DEBUG] Full frame received: 00 55 7d (3 bytes)
[LIN-DEBUG] Full frame received: 00 55 d8 (3 bytes)
[LIN-DEBUG] out > fe ff ff ff ff ff ff ff 28
[LIN-DEBUG] Full frame received: 00 55 3c 03 05 b9 00 1f 00 00 ff 1f (12 bytes)
[LIN-DEBUG] executing command: _Heartbeat for NAD 03 - send response
[LIN-DEBUG] Full frame received: 00 55 7d (3 bytes)
[LIN-DEBUG] out > 03 02 f9 00 ff ff ff ff 01
[LIN-DEBUG] Full frame received: 00 55 20 5e ab aa 00 12 d2 e0 0f 56 (12 bytes)
[LIN-DEBUG] Full frame received: 00 55 61 55 6b c4 3c 12 32 f0 0f 98 (12 bytes)
[LIN-DEBUG] Full frame received: 00 55 e2 8e f0 10 fe ff ff ff ff 8e (12 bytes)
[LIN-DEBUG] Full frame received: 00 55 3c 7f 06 b2 23 17 46 40 03 04 (12 bytes)
[LIN-DEBUG] Full frame received: 00 55 7d (3 bytes)
[LIN-DEBUG] Full frame received: 00 55 97 3a 0b 86 0b 71 00 00 ff 20 (12 bytes)
[LIN-DEBUG] Full frame received: 00 55 3c 7f 06 b2 00 17 46 00 0c 5e (12 bytes)
[LIN-DEBUG] Full frame received: 00 55 7d (3 bytes)
[LIN-DEBUG] Full frame received: 00 55 d8 (3 bytes)
[LIN-DEBUG] out > fe ff ff ff ff ff ff ff 28
[LIN-DEBUG] Full frame received: 00 55 3c 03 10 29 bb 00 1f 00 1e ca (12 bytes)
[LIN-DEBUG] executing command: _Frame 1 of buffer-transfer (6 frames) from CPplus
[LIN-DEBUG] Full frame received: 00 55 3c 03 21 00 00 22 ff ff ff b9 (12 bytes)
[LIN-DEBUG] Full frame received: 00 55 3c 03 22 54 01 0a 15 00 26 40 (12 bytes)
[LIN-DEBUG] Full frame received: 00 55 3c 03 23 13 2c 24 01 01 00 74 (12 bytes)
[LIN-DEBUG] Full frame received: 00 55 3c 03 24 00 00 00 00 00 00 d8 (12 bytes)
[LIN-DEBUG] Full frame received: 00 55 3c 03 25 00 00 00 00 00 00 d7 (12 bytes)
[LIN-DEBUG] Full frame received: 00 55 3c 03 26 00 00 00 00 00 00 d6 (12 bytes)
[LIN-DEBUG] Full frame received: 00 55 7d (3 bytes)
[LIN-DEBUG] out > 03 01 fb ff ff ff ff ff 00
[LIN-DEBUG] Full frame received: 00 55 20 5e ab aa 00 12 d2 e0 0f 56 (12 bytes)
[LIN-DEBUG] Full frame received: 00 55 61 55 6b c4 3c 12 32 f0 0f 98 (12 bytes)
[LIN-DEBUG] Full frame received: 00 55 e2 8d f0 10 fe ff ff ff ff 8f (12 bytes)
[LIN-DEBUG] Full frame received: 00 55 3c 01 06 b8 40 03 01 00 ff fb (12 bytes)
[LIN-DEBUG] Full frame received: 00 55 7d (3 bytes)
[LIN-DEBUG] Full frame received: 00 55 97 3a 0b 86 0b 71 00 00 ff 20 (12 bytes)
[LIN-DEBUG] Full frame received: 00 55 3c 7f 06 b2 23 17 46 00 0c 3b (12 bytes)
[LIN-DEBUG] Full frame received: 00 55 7d (3 bytes)
[LIN-DEBUG] Full frame received: 00 55 d8 (3 bytes)
[LIN-DEBUG] out > fe ff ff ff ff ff ff ff 28
[LIN-DEBUG] Full frame received: 00 55 3c ff ff ff ff ff ff ff ff 00 (12 bytes)
[LIN-DEBUG] Full frame received: 00 55 7d (3 bytes)
[LIN-DEBUG] Full frame received: 00 55 20 5e ab aa 00 12 d2 e0 0f 56 (12 bytes)
[LIN-DEBUG] Full frame received: 00 55 61 55 6b c4 3c 12 32 f0 0f 98 (12 bytes)
[LIN-DEBUG] Full frame received: 00 55 e2 8d f0 10 fe ff ff ff ff 8f (12 bytes)
[LIN-DEBUG] Full frame received: 00 55 3c 7f 06 b2 00 17 46 40 03 27 (12 bytes)
[LIN-DEBUG] Full frame received: 00 55 7d (3 bytes)
[LIN-DEBUG] Full frame received: 00 55 97 3a 0b 86 0b 71 00 00 ff 20 (12 bytes)
[LIN-DEBUG] Full frame received: 00 55 3c 7f 06 b2 00 17 46 00 0c 5e (12 bytes)
[LIN-DEBUG] Full frame received: 00 55 7d (3 bytes)
[LIN-DEBUG] Full frame received: 00 55 d8 (3 bytes)
[LIN-DEBUG] out > fe ff ff ff ff ff ff ff 28
[LIN-DEBUG] Full frame received: 00 55 3c 03 05 b9 00 1f 00 00 ff 1f (12 bytes)
[LIN-DEBUG] executing command: _Heartbeat for NAD 03 - send response
[LIN-DEBUG] Full frame received: 00 55 7d (3 bytes)
[LIN-DEBUG] out > 03 02 f9 00 ff ff ff ff 01
[LIN-DEBUG] Full frame received: 00 55 20 5e ab aa 00 12 d2 e0 0f 56 (12 bytes)
[LIN-DEBUG] Full frame received: 00 55 61 55 6b c4 3c 12 32 f0 0f 98 (12 bytes)
[LIN-DEBUG] Full frame received: 00 55 e2 8c f0 10 fe ff ff ff ff 90 (12 bytes)
[LIN-DEBUG] Full frame received: 00 55 3c 7f 06 b2 23 17 46 40 03 04 (12 bytes)
[LIN-DEBUG] Full frame received: 00 55 7d (3 bytes)
[LIN-DEBUG] Full frame received: 00 55 97 3a 0b 86 0b 71 00 00 ff 20 (12 bytes)
[LIN-DEBUG] Full frame received: 00 55 3c 7f 06 b2 23 17 46 00 0c 3b (12 bytes)
[LIN-DEBUG] Full frame received: 00 55 7d (3 bytes)
[LIN-DEBUG] Full frame received: 00 55 d8 (3 bytes)
[LIN-DEBUG] out > fe ff ff ff ff ff ff ff 28
[LIN-DEBUG] Full frame received: 00 55 3c 03 10 29 bb 00 1f 00 1e ca (12 bytes)
[LIN-DEBUG] executing command: _Frame 1 of buffer-transfer (6 frames) from CPplus
[LIN-DEBUG] Full frame received: 00 55 3c 03 21 00 00 22 ff ff ff b9 (12 bytes)
[LIN-DEBUG] Full frame received: 00 55 3c 03 22 54 01 14 33 00 82 bb (12 bytes)
[LIN-DEBUG] Full frame received: 00 55 3c 03 23 00 00 00 00 00 00 d9 (12 bytes)
[LIN-DEBUG] Full frame received: 00 55 3c 03 24 00 00 00 00 01 01 d6 (12 bytes)
[LIN-DEBUG] Full frame received: 00 55 3c 03 25 6c 0c 55 0b 06 00 f8 (12 bytes)
[LIN-DEBUG] Full frame received: 00 55 3c 03 26 00 00 00 00 00 00 d6 (12 bytes)
[LIN-DEBUG] Full frame received: 00 55 7d (3 bytes)
[LIN-DEBUG] out > 03 01 fb ff ff ff ff ff 00
[LIN-DEBUG] Full frame received: 00 55 20 5e ab aa 00 12 d2 e0 0f 56 (12 bytes)
[LIN-DEBUG] Full frame received: 00 55 61 55 6b c4 3c 12 32 f0 0f 98 (12 bytes)
[LIN-DEBUG] Full frame received: 00 55 e2 8c f0 10 fe ff ff ff ff 90 (12 bytes)
[LIN-DEBUG] Full frame received: 00 55 3c 01 06 b8 40 03 01 00 ff fb (12 bytes)
[LIN-DEBUG] Full frame received: 00 55 7d (3 bytes)
[LIN-DEBUG] Full frame received: 00 55 97 3a 0b 86 0b 71 00 00 ff 20 (12 bytes)
[LIN-DEBUG] Full frame received: 00 55 3c 7f 06 b2 00 17 46 00 0c 5e (12 bytes)
[LIN-DEBUG] Full frame received: 00 55 7d (3 bytes)
[LIN-DEBUG] Full frame received: 00 55 d8 (3 bytes)
[LIN-DEBUG] out > fe ff ff ff ff ff ff ff 28
[LIN-DEBUG] Full frame received: 00 55 3c ff ff ff ff ff ff ff ff 00 (12 bytes)
[LIN-DEBUG] Full frame received: 00 55 7d (3 bytes)
[LIN-DEBUG] Full frame received: 00 55 20 5e ab aa 00 12 d2 e0 0f 56 (12 bytes)
[LIN-DEBUG] Full frame received: 00 55 61 55 6b c4 3c 12 32 f0 0f 98 (12 bytes)
[LIN-DEBUG] Full frame received: 00 55 e2 8c f0 10 fe ff ff ff ff 90 (12 bytes)
[LIN-DEBUG] Full frame received: 00 55 3c 7f 06 b2 00 17 46 40 03 27 (12 bytes)
[LIN-DEBUG] Full frame received: 00 55 7d (3 bytes)
[LIN-DEBUG] Full frame received: 00 55 97 3a 0b 86 0b 71 00 00 ff 20 (12 bytes)
[LIN-DEBUG] Full frame received: 00 55 3c 7f 06 b2 23 17 46 00 0c 3b (12 bytes)
[LIN-DEBUG] Full frame received: 00 55 7d (3 bytes)
[LIN-DEBUG] Full frame received: 00 55 d8 (3 bytes)
[LIN-DEBUG] out > fe ff ff ff ff ff ff ff 28
[LIN-DEBUG] Full frame received: 00 55 3c 03 05 b9 00 1f 00 00 ff 1f (12 bytes)
[LIN-DEBUG] executing command: _Heartbeat for NAD 03 - send response
[LIN-DEBUG] Full frame received: 00 55 7d (3 bytes)
[LIN-DEBUG] out > 03 02 f9 00 ff ff ff ff 01
[LIN-DEBUG] Full frame received: 00 55 20 5e ab aa 00 12 d2 e0 0f 56 (12 bytes)
[LIN-DEBUG] Full frame received: 00 55 61 55 6b c4 3c 12 32 f0 0f 98 (12 bytes)
[LIN-DEBUG] Full frame received: 00 55 e2 8c f0 10 fe ff ff ff ff 90 (12 bytes)
[LIN-DEBUG] Full frame received: 00 55 3c 7f 06 b2 23 17 46 40 03 04 (12 bytes)
[LIN-DEBUG] Full frame received: 00 55 7d (3 bytes)
[LIN-DEBUG] Full frame received: 00 55 97 3a 0b 86 0b 71 00 00 ff 20 (12 bytes)
[LIN-DEBUG] Full frame received: 00 55 3c 7f 06 b2 00 17 46 00 0c 5e (12 bytes)
[LIN-DEBUG] Full frame received: 00 55 7d (3 bytes)
[LIN-DEBUG] Full frame received: 00 55 d8 (3 bytes)
[LIN-DEBUG] out > fe ff ff ff ff ff ff ff 28
[LIN-DEBUG] Full frame received: 00 55 3c 03 10 29 bb 00 1f 00 1e ca (12 bytes)
[LIN-DEBUG] executing command: _Frame 1 of buffer-transfer (6 frames) from CPplus
[LIN-DEBUG] Full frame received: 00 55 3c 03 21 00 00 22 ff ff ff b9 (12 bytes)
[LIN-DEBUG] Full frame received: 00 55 3c 03 22 54 01 12 35 00 33 0b (12 bytes)
[LIN-DEBUG] Full frame received: 00 55 3c 03 23 00 00 71 01 00 00 67 (12 bytes)
[LIN-DEBUG] Full frame received: 00 55 3c 03 24 00 00 3a 0b 00 00 93 (12 bytes)
[LIN-DEBUG] Full frame received: 00 55 3c 03 25 00 00 00 00 6c 0c 5f (12 bytes)
[LIN-DEBUG] Full frame received: 00 55 3c 03 26 00 00 00 00 00 00 d6 (12 bytes)
[LIN-DEBUG] Full frame received: 00 55 7d (3 bytes)
[LIN-DEBUG] out > 03 01 fb ff ff ff ff ff 00
[LIN-DEBUG] Full frame received: 00 55 20 5e ab aa 00 12 d2 e0 0f 56 (12 bytes)
[LIN-DEBUG] Full frame received: 00 55 61 55 6b c4 3c 12 32 f0 0f 98 (12 bytes)
[LIN-DEBUG] Full frame received: 00 55 e2 8c f0 10 fe ff ff ff ff 90 (12 bytes)
[LIN-DEBUG] Full frame received: 00 55 3c 01 06 b8 40 03 01 00 ff fb (12 bytes)
[LIN-DEBUG] Full frame received: 00 55 7d (3 bytes)
[LIN-DEBUG] Full frame received: 00 55 97 3a 0b 86 0b 71 00 00 ff 20 (12 bytes)
[LIN-DEBUG] Full frame received: 00 55 3c 7f 06 b2 23 17 46 00 0c 3b (12 bytes)
[LIN-DEBUG] Full frame received: 00 55 7d (3 bytes)
[LIN-DEBUG] Full frame received: 00 55 d8 (3 bytes)
[LIN-DEBUG] out > fe ff ff ff ff ff ff ff 28
[LIN-DEBUG] Full frame received: 00 55 3c ff ff ff ff ff ff ff ff 00 (12 bytes)
[LIN-DEBUG] Full frame received: 00 55 7d (3 bytes)
[LIN-DEBUG] Full frame received: 00 55 20 5e ab aa 00 12 d2 e0 0f 56 (12 bytes)
[LIN-DEBUG] Full frame received: 00 55 61 55 6b c4 3c 12 32 f0 0f 98 (12 bytes)
[LIN-DEBUG] Full frame received: 00 55 e2 8c f0 10 fe ff ff ff ff 90 (12 bytes)
[LIN-DEBUG] Full frame received: 00 55 3c 7f 06 b2 00 17 46 40 03 27 (12 bytes)
[LIN-DEBUG] Full frame received: 00 55 7d (3 bytes)
[LIN-DEBUG] Full frame received: 00 55 97 3a 0b 86 0b 71 00 00 ff 20 (12 bytes)
[LIN-DEBUG] Full frame received: 00 55 3c 7f 06 b2 00 17 46 00 0c 5e (12 bytes)
[LIN-DEBUG] Full frame received: 00 55 7d (3 bytes)
[LIN-DEBUG] Full frame received: 00 55 d8 (3 bytes)
[LIN-DEBUG] out > fe ff ff ff ff ff ff ff 28
[LIN-DEBUG] Full frame received: 00 55 3c 03 05 b9 00 1f 00 00 ff 1f (12 bytes)
[LIN-DEBUG] executing command: _Heartbeat for NAD 03 - send response
[LIN-DEBUG] Full frame received: 00 55 7d (3 bytes)
[LIN-DEBUG] out > 03 02 f9 00 ff ff ff ff 01
[LIN-DEBUG] Full frame received: 00 55 20 5e ab aa 00 12 d2 e0 0f 56 (12 bytes)
[LIN-DEBUG] Full frame received: 00 55 61 55 6b c4 3c 12 32 f0 0f 98 (12 bytes)
[LIN-DEBUG] Full frame received: 00 55 e2 8c f0 10 fe ff ff ff ff 90 (12 bytes)
[LIN-DEBUG] Full frame received: 00 55 3c 7f 06 b2 23 17 46 40 03 04 (12 bytes)
[LIN-DEBUG] Full frame received: 00 55 7d (3 bytes)
[LIN-DEBUG] Full frame received: 00 55 97 3a 0b 86 0b 71 00 00 ff 20 (12 bytes)
[LIN-DEBUG] Full frame received: 00 55 3c 7f 06 b2 23 17 46 00 0c 3b (12 bytes)
[LIN-DEBUG] Full frame received: 00 55 7d (3 bytes)
[LIN-DEBUG] Full frame received: 00 55 d8 (3 bytes)
[LIN-DEBUG] out > fe ff ff ff ff ff ff ff 28
[LIN-DEBUG] Full frame received: 00 55 3c 03 10 29 bb 00 1f 00 1e ca (12 bytes)
[LIN-DEBUG] executing command: _Frame 1 of buffer-transfer (6 frames) from CPplus
[LIN-DEBUG] Full frame received: 00 55 3c 03 21 00 00 22 ff ff ff b9 (12 bytes)
[LIN-DEBUG] Full frame received: 00 55 3c 03 22 54 01 14 33 00 82 bb (12 bytes)
[LIN-DEBUG] Full frame received: 00 55 3c 03 23 00 00 00 00 00 00 d9 (12 bytes)
[LIN-DEBUG] Full frame received: 00 55 3c 03 24 00 00 00 00 01 01 d6 (12 bytes)
[LIN-DEBUG] Full frame received: 00 55 3c 03 25 6c 0c 55 0b 06 00 f8 (12 bytes)
[LIN-DEBUG] Full frame received: 00 55 3c 03 26 00 00 00 00 00 00 d6 (12 bytes)
[LIN-DEBUG] Full frame received: 00 55 7d (3 bytes)
[LIN-DEBUG] out > 03 01 fb ff ff ff ff ff 00
[LIN-DEBUG] Full frame received: 00 55 20 5e ab aa 00 12 d2 e0 0f 56 (12 bytes)
[LIN-DEBUG] Full frame received: 00 55 61 55 6b c4 3c 12 32 f0 0f 98 (12 bytes)
[LIN-DEBUG] Full frame received: 00 55 e2 8c f0 10 fe ff ff ff ff 90 (12 bytes)
[LIN-DEBUG] Full frame received: 00 55 3c 01 06 b8 40 03 01 00 ff fb (12 bytes)
[LIN-DEBUG] Full frame received: 00 55 7d (3 bytes)
[LIN-DEBUG] Full frame received: 00 55 97 3a 0b 86 0b 71 00 00 ff 20 (12 bytes)
[LIN-DEBUG] Full frame received: 00 55 3c 7f 06 b2 00 17 46 00 0c 5e (12 bytes)
[LIN-DEBUG] Full frame received: 00 55 7d (3 bytes)
[LIN-DEBUG] Full frame received: 00 55 d8 (3 bytes)
[LIN-DEBUG] out > fe ff ff ff ff ff ff ff 28
[LIN-DEBUG] Full frame received: 00 55 3c ff ff ff ff ff ff ff ff 00 (12 bytes)
[LIN-DEBUG] Full frame received: 00 55 7d (3 bytes)
[LIN-DEBUG] Full frame received: 00 55 20 5e ab aa 00 12 d2 e0 0f 56 (12 bytes)
[LIN-DEBUG] Full frame received: 00 55 61 55 6b c4 3c 12 32 f0 0f 98 (12 bytes)
[LIN-DEBUG] Full frame received: 00 55 e2 8b f0 10 fe ff ff ff ff 91 (12 bytes)
[LIN-DEBUG] Full frame received: 00 55 3c 7f 06 b2 00 17 46 40 03 27 (12 bytes)
[LIN-DEBUG] Full frame received: 00 55 7d (3 bytes)
[LIN-DEBUG] Full frame received: 00 55 97 3a 0b 86 0b 71 00 00 ff 20 (12 bytes)
[LIN-DEBUG] Full frame received: 00 55 3c 7f 06 b2 23 17 46 00 0c 3b (12 bytes)
[LIN-DEBUG] Full frame received: 00 55 7d (3 bytes)
[LIN-DEBUG] Full frame received: 00 55 d8 (3 bytes)
[LIN-DEBUG] out > fe ff ff ff ff ff ff ff 28
[LIN-DEBUG] Full frame received: 00 55 3c 03 05 b9 00 1f 00 00 ff 1f (12 bytes)
[LIN-DEBUG] executing command: _Heartbeat for NAD 03 - send response
[LIN-DEBUG] Full frame received: 00 55 7d (3 bytes)
[LIN-DEBUG] out > 03 02 f9 00 ff ff ff ff 01
[LIN-DEBUG] Full frame received: 00 55 20 5e ab aa 00 12 d2 e0 0f 56 (12 bytes)
[LIN-DEBUG] Full frame received: 00 55 61 55 6b c4 3c 12 32 f0 0f 98 (12 bytes)
[LIN-DEBUG] Full frame received: 00 55 e2 8b f0 10 fe ff ff ff ff 91 (12 bytes)
[LIN-DEBUG] Full frame received: 00 55 3c 7f 06 b2 23 17 46 40 03 04 (12 bytes)
[LIN-DEBUG] Full frame received: 00 55 7d (3 bytes)
[LIN-DEBUG] Full frame received: 00 55 97 3a 0b 86 0b 71 00 00 ff 20 (12 bytes)
[LIN-DEBUG] Full frame received: 00 55 3c 7f 06 b2 00 17 46 00 0c 5e (12 bytes)
[LIN-DEBUG] Full frame received: 00 55 7d (3 bytes)
[LIN-DEBUG] Full frame received: 00 55 d8 (3 bytes)
[LIN-DEBUG] out > fe ff ff ff ff ff ff ff 28
[LIN-DEBUG] Full frame received: 00 55 3c 03 10 29 bb 00 1f 00 1e ca (12 bytes)
[LIN-DEBUG] executing command: _Frame 1 of buffer-transfer (6 frames) from CPplus
[LIN-DEBUG] Full frame received: 00 55 3c 03 21 00 00 22 ff ff ff b9 (12 bytes)
[LIN-DEBUG] Full frame received: 00 55 3c 03 22 54 01 12 35 00 33 0b (12 bytes)
[LIN-DEBUG] Full frame received: 00 55 3c 03 23 00 00 71 01 00 00 67 (12 bytes)
[LIN-DEBUG] Full frame received: 00 55 3c 03 24 00 00 3a 0b 00 00 93 (12 bytes)
[LIN-DEBUG] Full frame received: 00 55 3c 03 25 00 00 00 00 6c 0c 5f (12 bytes)
[LIN-DEBUG] Full frame received: 00 55 3c 03 26 00 00 00 00 00 00 d6 (12 bytes)
[LIN-DEBUG] Full frame received: 00 55 7d (3 bytes)
[LIN-DEBUG] out > 03 01 fb ff ff ff ff ff 00
[LIN-DEBUG] Full frame received: 00 55 20 5e ab aa 00 12 d2 e0 0f 56 (12 bytes)
[LIN-DEBUG] Full frame received: 00 55 61 55 6b c4 3c 12 32 f0 0f 98 (12 bytes)
[LIN-DEBUG] Full frame received: 00 55 e2 8b f0 10 fe ff ff ff ff 91 (12 bytes)
[LIN-DEBUG] Full frame received: 00 55 3c 01 06 b8 40 03 01 00 ff fb (12 bytes)
[LIN-DEBUG] Full frame received: 00 55 7d (3 bytes)
[LIN-DEBUG] Full frame received: 00 55 97 3a 0b 86 0b 71 00 00 ff 20 (12 bytes)
[LIN-DEBUG] Full frame received: 00 55 3c 7f 06 b2 23 17 46 00 0c 3b (12 bytes)
[LIN-DEBUG] Full frame received: 00 55 7d (3 bytes)
[LIN-DEBUG] Full frame received: 00 55 d8 (3 bytes)
[LIN-DEBUG] out > fe ff ff ff ff ff ff ff 28
[LIN-DEBUG] Full frame received: 00 55 3c ff ff ff ff ff ff ff ff 00 (12 bytes)
[LIN-DEBUG] Full frame received: 00 55 7d (3 bytes)
[LIN-DEBUG] Full frame received: 00 55 20 5e ab aa 00 12 d2 e0 0f 56 (12 bytes)
[LIN-DEBUG] Full frame received: 00 55 61 55 6b c4 3c 12 32 f0 0f 98 (12 bytes)
