2026-06-13 11:34:09,975 - aqt.helper - DEBUG - helper 137794431938560 Attempt to download checksum at https://download.qt.io/online/qtsdkrepository/linux_x64/desktop/qt6_683/qt6_683/Updates.xml.sha256
2026-06-13 11:34:10,590 - aqt.helper - DEBUG - helper 137794431938560 Attempt to download checksum at https://download.qt.io/online/qtsdkrepository/linux_x64/extensions/qtpdf/683/x86_64/Updates.xml.sha256
2026-06-13 11:34:11,202 - aqt.helper - DEBUG - helper 137794431938560 Attempt to download checksum at https://download.qt.io/online/qtsdkrepository/linux_x64/extensions/qtwebengine/683/x86_64/Updates.xml.sha256
2026-06-13 11:34:19,150 - aqt.main - INFO - installer 128289695715328 aqtinstall(aqt) v3.3.0 on Python 3.10.12 [CPython GCC 11.4.0]
2026-06-13 11:34:19,154 - aqt.helper - DEBUG - helper 128289695715328 Attempt to download checksum at https://download.qt.io/online/qtsdkrepository/linux_x64/desktop/qt6_683/qt6_683/Updates.xml.sha256
2026-06-13 11:34:19,800 - aqt.helper - DEBUG - helper 128289695715328 Attempt to download checksum at https://download.qt.io/online/qtsdkrepository/linux_x64/extensions/qtwebengine/683/x86_64/Updates.xml.sha256
2026-06-13 11:34:20,425 - aqt.archives - INFO - archives 128289695715328 Found extension qtwebengine
2026-06-13 11:34:20,430 - aqt.helper - DEBUG - helper 128289695715328 Attempt to download checksum at https://download.qt.io/online/qtsdkrepository/linux_x64/extensions/qtpdf/683/x86_64/Updates.xml.sha256
2026-06-13 11:34:21,023 - aqt.archives - INFO - archives 128289695715328 Found extension qtpdf
2026-06-13 11:34:21,679 - aqt.helper - DEBUG - helper 133742338195456 Attempt to download checksum at https://download.qt.io/online/qtsdkrepository/linux_x64/desktop/qt6_683/qt6_683/qt.qt6.683.linux_gcc_64/6.8.3-0-202503201345qtbase-Linux-RHEL_8_10-GCC-Linux-RHEL_8_10-X86_64.7z.sha256
2026-06-13 11:34:21,701 - aqt.helper - DEBUG - helper 124997260771328 Attempt to download checksum at https://download.qt.io/online/qtsdkrepository/linux_x64/desktop/qt6_683/qt6_683/qt.qt6.683.linux_gcc_64/6.8.3-0-202503201345qtsvg-Linux-RHEL_8_10-GCC-Linux-RHEL_8_10-X86_64.7z.sha256
2026-06-13 11:34:21,709 - aqt.helper - DEBUG - helper 137083467993088 Attempt to download checksum at https://download.qt.io/online/qtsdkrepository/linux_x64/desktop/qt6_683/qt6_683/qt.qt6.683.linux_gcc_64/6.8.3-0-202503201345qtdeclarative-Linux-RHEL_8_10-GCC-Linux-RHEL_8_10-X86_64.7z.sha256
2026-06-13 11:34:21,730 - aqt.helper - DEBUG - helper 134621310214144 Attempt to download checksum at https://download.qt.io/online/qtsdkrepository/linux_x64/desktop/qt6_683/qt6_683/qt.qt6.683.linux_gcc_64/6.8.3-0-202503201345qttools-Linux-RHEL_8_10-GCC-Linux-RHEL_8_10-X86_64.7z.sha256
2026-06-13 11:34:22,011 - aqt.helper - INFO - helper 133742338195456 Downloading qtbase...
2026-06-13 11:34:22,016 - aqt.installer - DEBUG - installer 133742338195456 Download URL: https://download.qt.io/online/qtsdkrepository/linux_x64/desktop/qt6_683/qt6_683/qt.qt6.683.linux_gcc_64/6.8.3-0-202503201345qtbase-Linux-RHEL_8_10-GCC-Linux-RHEL_8_10-X86_64.7z
2026-06-13 11:34:22,039 - aqt.helper - INFO - helper 124997260771328 Downloading qtsvg...
2026-06-13 11:34:22,043 - aqt.installer - DEBUG - installer 124997260771328 Download URL: https://download.qt.io/online/qtsdkrepository/linux_x64/desktop/qt6_683/qt6_683/qt.qt6.683.linux_gcc_64/6.8.3-0-202503201345qtsvg-Linux-RHEL_8_10-GCC-Linux-RHEL_8_10-X86_64.7z
2026-06-13 11:34:22,062 - aqt.helper - INFO - helper 134621310214144 Downloading qttools...
2026-06-13 11:34:22,062 - aqt.helper - INFO - helper 137083467993088 Downloading qtdeclarative...
2026-06-13 11:34:22,070 - aqt.installer - DEBUG - installer 134621310214144 Download URL: https://download.qt.io/online/qtsdkrepository/linux_x64/desktop/qt6_683/qt6_683/qt.qt6.683.linux_gcc_64/6.8.3-0-202503201345qttools-Linux-RHEL_8_10-GCC-Linux-RHEL_8_10-X86_64.7z
2026-06-13 11:34:22,074 - aqt.installer - DEBUG - installer 137083467993088 Download URL: https://download.qt.io/online/qtsdkrepository/linux_x64/desktop/qt6_683/qt6_683/qt.qt6.683.linux_gcc_64/6.8.3-0-202503201345qtdeclarative-Linux-RHEL_8_10-GCC-Linux-RHEL_8_10-X86_64.7z
2026-06-13 11:34:22,323 - aqt.helper - DEBUG - helper 133742338195456 Asked to redirect(302) to: https://mirrors.ukfast.co.uk/sites/qt.io/online/qtsdkrepository/linux_x64/desktop/qt6_683/qt6_683/qt.qt6.683.linux_gcc_64/6.8.3-0-202503201345qtbase-Linux-RHEL_8_10-GCC-Linux-RHEL_8_10-X86_64.7z
2026-06-13 11:34:22,324 - aqt.helper - INFO - helper 133742338195456 Redirected: mirrors.ukfast.co.uk
2026-06-13 11:34:22,359 - aqt.helper - DEBUG - helper 124997260771328 Asked to redirect(302) to: https://mirrors.ukfast.co.uk/sites/qt.io/online/qtsdkrepository/linux_x64/desktop/qt6_683/qt6_683/qt.qt6.683.linux_gcc_64/6.8.3-0-202503201345qtsvg-Linux-RHEL_8_10-GCC-Linux-RHEL_8_10-X86_64.7z
2026-06-13 11:34:22,360 - aqt.helper - INFO - helper 124997260771328 Redirected: mirrors.ukfast.co.uk
2026-06-13 11:34:22,371 - aqt.helper - DEBUG - helper 134621310214144 Asked to redirect(302) to: https://mirrors.ukfast.co.uk/sites/qt.io/online/qtsdkrepository/linux_x64/desktop/qt6_683/qt6_683/qt.qt6.683.linux_gcc_64/6.8.3-0-202503201345qttools-Linux-RHEL_8_10-GCC-Linux-RHEL_8_10-X86_64.7z
2026-06-13 11:34:22,371 - aqt.helper - INFO - helper 134621310214144 Redirected: mirrors.ukfast.co.uk
2026-06-13 11:34:22,380 - aqt.helper - DEBUG - helper 137083467993088 Asked to redirect(302) to: https://mirrors.ukfast.co.uk/sites/qt.io/online/qtsdkrepository/linux_x64/desktop/qt6_683/qt6_683/qt.qt6.683.linux_gcc_64/6.8.3-0-202503201345qtdeclarative-Linux-RHEL_8_10-GCC-Linux-RHEL_8_10-X86_64.7z
2026-06-13 11:34:22,380 - aqt.helper - INFO - helper 137083467993088 Redirected: mirrors.ukfast.co.uk
2026-06-13 11:34:22,779 - aqt.installer - INFO - installer 124997260771328 Finished installation of qtsvg-Linux-RHEL_8_10-GCC-Linux-RHEL_8_10-X86_64.7z in 1.11027174
2026-06-13 11:34:22,829 - aqt.helper - DEBUG - helper 124997260771328 Attempt to download checksum at https://download.qt.io/online/qtsdkrepository/linux_x64/desktop/qt6_683/qt6_683/qt.qt6.683.linux_gcc_64/6.8.3-0-202503201345qttranslations-Linux-RHEL_8_10-GCC-Linux-RHEL_8_10-X86_64.7z.sha256
2026-06-13 11:34:23,606 - aqt.helper - INFO - helper 124997260771328 Downloading qttranslations...
2026-06-13 11:34:23,607 - aqt.installer - DEBUG - installer 124997260771328 Download URL: https://download.qt.io/online/qtsdkrepository/linux_x64/desktop/qt6_683/qt6_683/qt.qt6.683.linux_gcc_64/6.8.3-0-202503201345qttranslations-Linux-RHEL_8_10-GCC-Linux-RHEL_8_10-X86_64.7z
2026-06-13 11:34:24,925 - aqt.helper - DEBUG - helper 124997260771328 Asked to redirect(302) to: https://mirrors.ukfast.co.uk/sites/qt.io/online/qtsdkrepository/linux_x64/desktop/qt6_683/qt6_683/qt.qt6.683.linux_gcc_64/6.8.3-0-202503201345qttranslations-Linux-RHEL_8_10-GCC-Linux-RHEL_8_10-X86_64.7z
2026-06-13 11:34:24,925 - aqt.helper - INFO - helper 124997260771328 Redirected: mirrors.ukfast.co.uk
2026-06-13 11:34:29,337 - aqt.installer - INFO - installer 124997260771328 Finished installation of qttranslations-Linux-RHEL_8_10-GCC-Linux-RHEL_8_10-X86_64.7z in 6.53361842
2026-06-13 11:34:29,390 - aqt.helper - DEBUG - helper 124997260771328 Attempt to download checksum at https://download.qt.io/online/qtsdkrepository/linux_x64/desktop/qt6_683/qt6_683/qt.qt6.683.linux_gcc_64/6.8.3-0-202503201345qtwayland-Linux-RHEL_8_10-GCC-Linux-RHEL_8_10-X86_64.7z.sha256
2026-06-13 11:34:30,072 - aqt.helper - INFO - helper 124997260771328 Downloading qtwayland...
2026-06-13 11:34:30,072 - aqt.installer - DEBUG - installer 124997260771328 Download URL: https://download.qt.io/online/qtsdkrepository/linux_x64/desktop/qt6_683/qt6_683/qt.qt6.683.linux_gcc_64/6.8.3-0-202503201345qtwayland-Linux-RHEL_8_10-GCC-Linux-RHEL_8_10-X86_64.7z
2026-06-13 11:34:30,925 - aqt.helper - DEBUG - helper 124997260771328 Asked to redirect(302) to: https://mirrors.ukfast.co.uk/sites/qt.io/online/qtsdkrepository/linux_x64/desktop/qt6_683/qt6_683/qt.qt6.683.linux_gcc_64/6.8.3-0-202503201345qtwayland-Linux-RHEL_8_10-GCC-Linux-RHEL_8_10-X86_64.7z
2026-06-13 11:34:30,925 - aqt.helper - INFO - helper 124997260771328 Redirected: mirrors.ukfast.co.uk
2026-06-13 11:34:32,871 - aqt.installer - INFO - installer 124997260771328 Finished installation of qtwayland-Linux-RHEL_8_10-GCC-Linux-RHEL_8_10-X86_64.7z in 3.51097596
2026-06-13 11:34:32,921 - aqt.helper - DEBUG - helper 124997260771328 Attempt to download checksum at https://download.qt.io/online/qtsdkrepository/linux_x64/desktop/qt6_683/qt6_683/qt.qt6.683.linux_gcc_64/6.8.3-0-202503201345icu-linux-Rhel8.6-x86_64.7z.sha256
2026-06-13 11:34:33,630 - aqt.helper - INFO - helper 124997260771328 Downloading icu...
2026-06-13 11:34:33,631 - aqt.installer - DEBUG - installer 124997260771328 Download URL: https://download.qt.io/online/qtsdkrepository/linux_x64/desktop/qt6_683/qt6_683/qt.qt6.683.linux_gcc_64/6.8.3-0-202503201345icu-linux-Rhel8.6-x86_64.7z
2026-06-13 11:34:34,403 - aqt.helper - DEBUG - helper 124997260771328 Asked to redirect(302) to: https://mirrors.ukfast.co.uk/sites/qt.io/online/qtsdkrepository/linux_x64/desktop/qt6_683/qt6_683/qt.qt6.683.linux_gcc_64/6.8.3-0-202503201345icu-linux-Rhel8.6-x86_64.7z
2026-06-13 11:34:34,403 - aqt.helper - INFO - helper 124997260771328 Redirected: mirrors.ukfast.co.uk
2026-06-13 11:34:51,822 - aqt.installer - INFO - installer 124997260771328 Finished installation of icu-linux-Rhel8.6-x86_64.7z in 18.93050334
2026-06-13 11:35:09,609 - aqt.installer - INFO - installer 133742338195456 Finished installation of qtbase-Linux-RHEL_8_10-GCC-Linux-RHEL_8_10-X86_64.7z in 47.94600366
2026-06-13 11:35:21,879 - aqt.installer - INFO - installer 134621310214144 Finished installation of qttools-Linux-RHEL_8_10-GCC-Linux-RHEL_8_10-X86_64.7z in 60.18486470
2026-06-13 11:36:37,604 - aqt.installer - INFO - installer 137083467993088 Finished installation of qtdeclarative-Linux-RHEL_8_10-GCC-Linux-RHEL_8_10-X86_64.7z in 135.92934063
2026-06-13 11:36:37,815 - aqt.updater - INFO - updater 128289695715328 Patching /home/admin_user/Qt/6.8.3/gcc_64/bin/qmake
2026-06-13 11:36:37,823 - aqt.updater - INFO - updater 128289695715328 Patching /home/admin_user/Qt/6.8.3/gcc_64/lib/pkgconfig/Qt6UiTools.pc
2026-06-13 11:36:37,824 - aqt.updater - INFO - updater 128289695715328 Patching /home/admin_user/Qt/6.8.3/gcc_64/lib/pkgconfig/Qt6QuickControls2BasicStyleImpl.pc
2026-06-13 11:36:37,825 - aqt.updater - INFO - updater 128289695715328 Patching /home/admin_user/Qt/6.8.3/gcc_64/lib/pkgconfig/Qt6QmlMeta.pc
2026-06-13 11:36:37,826 - aqt.updater - INFO - updater 128289695715328 Patching /home/admin_user/Qt/6.8.3/gcc_64/lib/pkgconfig/Qt6LabsPlatform.pc
2026-06-13 11:36:37,826 - aqt.updater - INFO - updater 128289695715328 Patching /home/admin_user/Qt/6.8.3/gcc_64/lib/pkgconfig/Qt6QuickWidgets.pc
2026-06-13 11:36:37,827 - aqt.updater - INFO - updater 128289695715328 Patching /home/admin_user/Qt/6.8.3/gcc_64/lib/pkgconfig/Qt6QuickControls2.pc
2026-06-13 11:36:37,828 - aqt.updater - INFO - updater 128289695715328 Patching /home/admin_user/Qt/6.8.3/gcc_64/lib/pkgconfig/Qt6UiPlugin.pc
2026-06-13 11:36:37,829 - aqt.updater - INFO - updater 128289695715328 Patching /home/admin_user/Qt/6.8.3/gcc_64/lib/pkgconfig/Qt6Qml.pc
2026-06-13 11:36:37,830 - aqt.updater - INFO - updater 128289695715328 Patching /home/admin_user/Qt/6.8.3/gcc_64/lib/pkgconfig/Qt6QmlNetwork.pc
2026-06-13 11:36:37,830 - aqt.updater - INFO - updater 128289695715328 Patching /home/admin_user/Qt/6.8.3/gcc_64/lib/pkgconfig/Qt6LabsSharedImage.pc
2026-06-13 11:36:37,831 - aqt.updater - INFO - updater 128289695715328 Patching /home/admin_user/Qt/6.8.3/gcc_64/lib/pkgconfig/Qt6Concurrent.pc
2026-06-13 11:36:37,832 - aqt.updater - INFO - updater 128289695715328 Patching /home/admin_user/Qt/6.8.3/gcc_64/lib/pkgconfig/Qt6QuickDialogs2.pc
2026-06-13 11:36:37,833 - aqt.updater - INFO - updater 128289695715328 Patching /home/admin_user/Qt/6.8.3/gcc_64/lib/pkgconfig/Qt6Quick.pc
2026-06-13 11:36:37,834 - aqt.updater - INFO - updater 128289695715328 Patching /home/admin_user/Qt/6.8.3/gcc_64/lib/pkgconfig/Qt6QuickLayouts.pc
2026-06-13 11:36:37,834 - aqt.updater - INFO - updater 128289695715328 Patching /home/admin_user/Qt/6.8.3/gcc_64/lib/pkgconfig/Qt6OpenGLWidgets.pc
2026-06-13 11:36:37,835 - aqt.updater - INFO - updater 128289695715328 Patching /home/admin_user/Qt/6.8.3/gcc_64/lib/pkgconfig/Qt6PrintSupport.pc
2026-06-13 11:36:37,836 - aqt.updater - INFO - updater 128289695715328 Patching /home/admin_user/Qt/6.8.3/gcc_64/lib/pkgconfig/Qt6QuickTemplates2.pc
2026-06-13 11:36:37,837 - aqt.updater - INFO - updater 128289695715328 Patching /home/admin_user/Qt/6.8.3/gcc_64/lib/pkgconfig/Qt6Platform.pc
2026-06-13 11:36:37,837 - aqt.updater - INFO - updater 128289695715328 Patching /home/admin_user/Qt/6.8.3/gcc_64/lib/pkgconfig/Qt6QuickDialogs2QuickImpl.pc
2026-06-13 11:36:37,838 - aqt.updater - INFO - updater 128289695715328 Patching /home/admin_user/Qt/6.8.3/gcc_64/lib/pkgconfig/Qt6LabsQmlModels.pc
2026-06-13 11:36:37,839 - aqt.updater - INFO - updater 128289695715328 Patching /home/admin_user/Qt/6.8.3/gcc_64/lib/pkgconfig/Qt6QmlAssetDownloader.pc
2026-06-13 11:36:37,840 - aqt.updater - INFO - updater 128289695715328 Patching /home/admin_user/Qt/6.8.3/gcc_64/lib/pkgconfig/Qt6Test.pc
2026-06-13 11:36:37,841 - aqt.updater - INFO - updater 128289695715328 Patching /home/admin_user/Qt/6.8.3/gcc_64/lib/pkgconfig/Qt6QuickControls2ImagineStyleImpl.pc
2026-06-13 11:36:37,841 - aqt.updater - INFO - updater 128289695715328 Patching /home/admin_user/Qt/6.8.3/gcc_64/lib/pkgconfig/Qt6QuickVectorImage.pc
2026-06-13 11:36:37,842 - aqt.updater - INFO - updater 128289695715328 Patching /home/admin_user/Qt/6.8.3/gcc_64/lib/pkgconfig/Qt6LabsAnimation.pc
2026-06-13 11:36:37,843 - aqt.updater - INFO - updater 128289695715328 Patching /home/admin_user/Qt/6.8.3/gcc_64/lib/pkgconfig/Qt6SvgWidgets.pc
2026-06-13 11:36:37,844 - aqt.updater - INFO - updater 128289695715328 Patching /home/admin_user/Qt/6.8.3/gcc_64/lib/pkgconfig/Qt6QuickControls2Impl.pc
2026-06-13 11:36:37,844 - aqt.updater - INFO - updater 128289695715328 Patching /home/admin_user/Qt/6.8.3/gcc_64/lib/pkgconfig/Qt6QmlWorkerScript.pc
2026-06-13 11:36:37,845 - aqt.updater - INFO - updater 128289695715328 Patching /home/admin_user/Qt/6.8.3/gcc_64/lib/pkgconfig/Qt6Network.pc
2026-06-13 11:36:37,846 - aqt.updater - INFO - updater 128289695715328 Patching /home/admin_user/Qt/6.8.3/gcc_64/lib/pkgconfig/Qt6QuickControls2Material.pc
2026-06-13 11:36:37,847 - aqt.updater - INFO - updater 128289695715328 Patching /home/admin_user/Qt/6.8.3/gcc_64/lib/pkgconfig/Qt6QmlModels.pc
2026-06-13 11:36:37,847 - aqt.updater - INFO - updater 128289695715328 Patching /home/admin_user/Qt/6.8.3/gcc_64/lib/pkgconfig/Qt6QmlLocalStorage.pc
2026-06-13 11:36:37,848 - aqt.updater - INFO - updater 128289695715328 Patching /home/admin_user/Qt/6.8.3/gcc_64/lib/pkgconfig/Qt6Core.pc
2026-06-13 11:36:37,849 - aqt.updater - INFO - updater 128289695715328 Patching /home/admin_user/Qt/6.8.3/gcc_64/lib/pkgconfig/Qt6OpenGL.pc
2026-06-13 11:36:37,849 - aqt.updater - INFO - updater 128289695715328 Patching /home/admin_user/Qt/6.8.3/gcc_64/lib/pkgconfig/Qt6QuickControls2Basic.pc
2026-06-13 11:36:37,850 - aqt.updater - INFO - updater 128289695715328 Patching /home/admin_user/Qt/6.8.3/gcc_64/lib/pkgconfig/Qt6WaylandClient.pc
2026-06-13 11:36:37,851 - aqt.updater - INFO - updater 128289695715328 Patching /home/admin_user/Qt/6.8.3/gcc_64/lib/pkgconfig/Qt6QmlCompiler.pc
2026-06-13 11:36:37,852 - aqt.updater - INFO - updater 128289695715328 Patching /home/admin_user/Qt/6.8.3/gcc_64/lib/pkgconfig/Qt6LabsFolderListModel.pc
2026-06-13 11:36:37,852 - aqt.updater - INFO - updater 128289695715328 Patching /home/admin_user/Qt/6.8.3/gcc_64/lib/pkgconfig/Qt6Sql.pc
2026-06-13 11:36:37,853 - aqt.updater - INFO - updater 128289695715328 Patching /home/admin_user/Qt/6.8.3/gcc_64/lib/pkgconfig/Qt6QuickControls2Imagine.pc
2026-06-13 11:36:37,854 - aqt.updater - INFO - updater 128289695715328 Patching /home/admin_user/Qt/6.8.3/gcc_64/lib/pkgconfig/Qt6QuickControls2Universal.pc
2026-06-13 11:36:37,854 - aqt.updater - INFO - updater 128289695715328 Patching /home/admin_user/Qt/6.8.3/gcc_64/lib/pkgconfig/Qt6QuickDialogs2Utils.pc
2026-06-13 11:36:37,855 - aqt.updater - INFO - updater 128289695715328 Patching /home/admin_user/Qt/6.8.3/gcc_64/lib/pkgconfig/Qt6QmlCore.pc
2026-06-13 11:36:37,856 - aqt.updater - INFO - updater 128289695715328 Patching /home/admin_user/Qt/6.8.3/gcc_64/lib/pkgconfig/Qt6Designer.pc
2026-06-13 11:36:37,856 - aqt.updater - INFO - updater 128289695715328 Patching /home/admin_user/Qt/6.8.3/gcc_64/lib/pkgconfig/Qt6QuickControls2FluentWinUI3StyleImpl.pc
2026-06-13 11:36:37,857 - aqt.updater - INFO - updater 128289695715328 Patching /home/admin_user/Qt/6.8.3/gcc_64/lib/pkgconfig/Qt6Linguist.pc
2026-06-13 11:36:37,858 - aqt.updater - INFO - updater 128289695715328 Patching /home/admin_user/Qt/6.8.3/gcc_64/lib/pkgconfig/Qt6QmlIntegration.pc
2026-06-13 11:36:37,858 - aqt.updater - INFO - updater 128289695715328 Patching /home/admin_user/Qt/6.8.3/gcc_64/lib/pkgconfig/Qt6Svg.pc
2026-06-13 11:36:37,859 - aqt.updater - INFO - updater 128289695715328 Patching /home/admin_user/Qt/6.8.3/gcc_64/lib/pkgconfig/Qt6QuickControls2FusionStyleImpl.pc
2026-06-13 11:36:37,860 - aqt.updater - INFO - updater 128289695715328 Patching /home/admin_user/Qt/6.8.3/gcc_64/lib/pkgconfig/Qt6DBus.pc
2026-06-13 11:36:37,860 - aqt.updater - INFO - updater 128289695715328 Patching /home/admin_user/Qt/6.8.3/gcc_64/lib/pkgconfig/Qt6QuickTest.pc
2026-06-13 11:36:37,861 - aqt.updater - INFO - updater 128289695715328 Patching /home/admin_user/Qt/6.8.3/gcc_64/lib/pkgconfig/Qt6Gui.pc
2026-06-13 11:36:37,862 - aqt.updater - INFO - updater 128289695715328 Patching /home/admin_user/Qt/6.8.3/gcc_64/lib/pkgconfig/Qt6QuickControls2UniversalStyleImpl.pc
2026-06-13 11:36:37,862 - aqt.updater - INFO - updater 128289695715328 Patching /home/admin_user/Qt/6.8.3/gcc_64/lib/pkgconfig/Qt6Help.pc
2026-06-13 11:36:37,863 - aqt.updater - INFO - updater 128289695715328 Patching /home/admin_user/Qt/6.8.3/gcc_64/lib/pkgconfig/Qt6Widgets.pc
2026-06-13 11:36:37,864 - aqt.updater - INFO - updater 128289695715328 Patching /home/admin_user/Qt/6.8.3/gcc_64/lib/pkgconfig/Qt6QmlXmlListModel.pc
2026-06-13 11:36:37,864 - aqt.updater - INFO - updater 128289695715328 Patching /home/admin_user/Qt/6.8.3/gcc_64/lib/pkgconfig/Qt6QuickControls2Fusion.pc
2026-06-13 11:36:37,865 - aqt.updater - INFO - updater 128289695715328 Patching /home/admin_user/Qt/6.8.3/gcc_64/lib/pkgconfig/Qt6QuickControls2MaterialStyleImpl.pc
2026-06-13 11:36:37,866 - aqt.updater - INFO - updater 128289695715328 Patching /home/admin_user/Qt/6.8.3/gcc_64/lib/pkgconfig/Qt6LabsWavefrontMesh.pc
2026-06-13 11:36:37,866 - aqt.updater - INFO - updater 128289695715328 Patching /home/admin_user/Qt/6.8.3/gcc_64/lib/pkgconfig/Qt6Xml.pc
2026-06-13 11:36:37,867 - aqt.updater - INFO - updater 128289695715328 Patching /home/admin_user/Qt/6.8.3/gcc_64/lib/pkgconfig/Qt6LabsSettings.pc
2026-06-13 11:36:37,870 - aqt.updater - INFO - updater 128289695715328 Patching /home/admin_user/Qt/6.8.3/gcc_64/lib/libQt6QmlLocalStorage.prl
2026-06-13 11:36:37,871 - aqt.updater - INFO - updater 128289695715328 Patching /home/admin_user/Qt/6.8.3/gcc_64/lib/libQt6QuickControls2ImagineStyleImpl.prl
2026-06-13 11:36:37,871 - aqt.updater - INFO - updater 128289695715328 Patching /home/admin_user/Qt/6.8.3/gcc_64/lib/libQt6QmlCore.prl
2026-06-13 11:36:37,872 - aqt.updater - INFO - updater 128289695715328 Patching /home/admin_user/Qt/6.8.3/gcc_64/lib/libQt6LabsFolderListModel.prl
2026-06-13 11:36:37,873 - aqt.updater - INFO - updater 128289695715328 Patching /home/admin_user/Qt/6.8.3/gcc_64/lib/libQt6OpenGLWidgets.prl
2026-06-13 11:36:37,874 - aqt.updater - INFO - updater 128289695715328 Patching /home/admin_user/Qt/6.8.3/gcc_64/lib/libQt6QuickEffects.prl
2026-06-13 11:36:37,875 - aqt.updater - INFO - updater 128289695715328 Patching /home/admin_user/Qt/6.8.3/gcc_64/lib/libQt6SvgWidgets.prl
2026-06-13 11:36:37,877 - aqt.updater - INFO - updater 128289695715328 Patching /home/admin_user/Qt/6.8.3/gcc_64/lib/libQt6EglFsKmsSupport.prl
2026-06-13 11:36:37,878 - aqt.updater - INFO - updater 128289695715328 Patching /home/admin_user/Qt/6.8.3/gcc_64/lib/libQt6QuickDialogs2Utils.prl
2026-06-13 11:36:37,879 - aqt.updater - INFO - updater 128289695715328 Patching /home/admin_user/Qt/6.8.3/gcc_64/lib/libQt6LabsQmlModels.prl
2026-06-13 11:36:37,880 - aqt.updater - INFO - updater 128289695715328 Patching /home/admin_user/Qt/6.8.3/gcc_64/lib/libQt6QuickControlsTestUtils.prl
2026-06-13 11:36:37,881 - aqt.updater - INFO - updater 128289695715328 Patching /home/admin_user/Qt/6.8.3/gcc_64/lib/libQt6QuickControls2BasicStyleImpl.prl
2026-06-13 11:36:37,882 - aqt.updater - INFO - updater 128289695715328 Patching /home/admin_user/Qt/6.8.3/gcc_64/lib/libQt6QuickVectorImageGenerator.prl
2026-06-13 11:36:37,883 - aqt.updater - INFO - updater 128289695715328 Patching /home/admin_user/Qt/6.8.3/gcc_64/lib/libQt6QuickDialogs2.prl
2026-06-13 11:36:37,883 - aqt.updater - INFO - updater 128289695715328 Patching /home/admin_user/Qt/6.8.3/gcc_64/lib/libQt6InputSupport.prl
2026-06-13 11:36:37,884 - aqt.updater - INFO - updater 128289695715328 Patching /home/admin_user/Qt/6.8.3/gcc_64/lib/libQt6ExamplesAssetDownloader.prl
2026-06-13 11:36:37,885 - aqt.updater - INFO - updater 128289695715328 Patching /home/admin_user/Qt/6.8.3/gcc_64/lib/libQt6Quick.prl
2026-06-13 11:36:37,886 - aqt.updater - INFO - updater 128289695715328 Patching /home/admin_user/Qt/6.8.3/gcc_64/lib/libQt6QmlCompiler.prl
2026-06-13 11:36:37,887 - aqt.updater - INFO - updater 128289695715328 Patching /home/admin_user/Qt/6.8.3/gcc_64/lib/libQt6QuickControls2UniversalStyleImpl.prl
2026-06-13 11:36:37,888 - aqt.updater - INFO - updater 128289695715328 Patching /home/admin_user/Qt/6.8.3/gcc_64/lib/libQt6DesignerComponents.prl
2026-06-13 11:36:37,889 - aqt.updater - INFO - updater 128289695715328 Patching /home/admin_user/Qt/6.8.3/gcc_64/lib/libQt6QuickControls2Universal.prl
2026-06-13 11:36:37,889 - aqt.updater - INFO - updater 128289695715328 Patching /home/admin_user/Qt/6.8.3/gcc_64/lib/libQt6QmlLS.prl
2026-06-13 11:36:37,890 - aqt.updater - INFO - updater 128289695715328 Patching /home/admin_user/Qt/6.8.3/gcc_64/lib/libQt6LabsPlatform.prl
2026-06-13 11:36:37,891 - aqt.updater - INFO - updater 128289695715328 Patching /home/admin_user/Qt/6.8.3/gcc_64/lib/libQt6QuickTestUtils.prl
2026-06-13 11:36:37,892 - aqt.updater - INFO - updater 128289695715328 Patching /home/admin_user/Qt/6.8.3/gcc_64/lib/libQt6QuickShapes.prl
2026-06-13 11:36:37,892 - aqt.updater - INFO - updater 128289695715328 Patching /home/admin_user/Qt/6.8.3/gcc_64/lib/libQt6QuickWidgets.prl
2026-06-13 11:36:37,893 - aqt.updater - INFO - updater 128289695715328 Patching /home/admin_user/Qt/6.8.3/gcc_64/lib/libQt6ExampleIcons.prl
2026-06-13 11:36:37,894 - aqt.updater - INFO - updater 128289695715328 Patching /home/admin_user/Qt/6.8.3/gcc_64/lib/libQt6QuickControls2.prl
2026-06-13 11:36:37,895 - aqt.updater - INFO - updater 128289695715328 Patching /home/admin_user/Qt/6.8.3/gcc_64/lib/libQt6Network.prl
2026-06-13 11:36:37,896 - aqt.updater - INFO - updater 128289695715328 Patching /home/admin_user/Qt/6.8.3/gcc_64/lib/libQt6QmlToolingSettings.prl
2026-06-13 11:36:37,896 - aqt.updater - INFO - updater 128289695715328 Patching /home/admin_user/Qt/6.8.3/gcc_64/lib/libQt6QmlMeta.prl
2026-06-13 11:36:37,897 - aqt.updater - INFO - updater 128289695715328 Patching /home/admin_user/Qt/6.8.3/gcc_64/lib/libQt6QmlAssetDownloader.prl
2026-06-13 11:36:37,898 - aqt.updater - INFO - updater 128289695715328 Patching /home/admin_user/Qt/6.8.3/gcc_64/lib/libQt6QmlTypeRegistrar.prl
2026-06-13 11:36:37,899 - aqt.updater - INFO - updater 128289695715328 Patching /home/admin_user/Qt/6.8.3/gcc_64/lib/libQt6Widgets.prl
2026-06-13 11:36:37,899 - aqt.updater - INFO - updater 128289695715328 Patching /home/admin_user/Qt/6.8.3/gcc_64/lib/libQt6QmlDebug.prl
2026-06-13 11:36:37,900 - aqt.updater - INFO - updater 128289695715328 Patching /home/admin_user/Qt/6.8.3/gcc_64/lib/libQt6QmlDom.prl
2026-06-13 11:36:37,901 - aqt.updater - INFO - updater 128289695715328 Patching /home/admin_user/Qt/6.8.3/gcc_64/lib/libQt6XcbQpa.prl
2026-06-13 11:36:37,902 - aqt.updater - INFO - updater 128289695715328 Patching /home/admin_user/Qt/6.8.3/gcc_64/lib/libQt6QuickLayouts.prl
2026-06-13 11:36:37,903 - aqt.updater - INFO - updater 128289695715328 Patching /home/admin_user/Qt/6.8.3/gcc_64/lib/libQt6Qml.prl
2026-06-13 11:36:37,904 - aqt.updater - INFO - updater 128289695715328 Patching /home/admin_user/Qt/6.8.3/gcc_64/lib/libQt6Sql.prl
2026-06-13 11:36:37,904 - aqt.updater - INFO - updater 128289695715328 Patching /home/admin_user/Qt/6.8.3/gcc_64/lib/libQt6LabsWavefrontMesh.prl
2026-06-13 11:36:37,905 - aqt.updater - INFO - updater 128289695715328 Patching /home/admin_user/Qt/6.8.3/gcc_64/lib/libQt6EglFsKmsGbmSupport.prl
2026-06-13 11:36:37,906 - aqt.updater - INFO - updater 128289695715328 Patching /home/admin_user/Qt/6.8.3/gcc_64/lib/libQt6LabsAnimation.prl
2026-06-13 11:36:37,907 - aqt.updater - INFO - updater 128289695715328 Patching /home/admin_user/Qt/6.8.3/gcc_64/lib/libQt6OpenGL.prl
2026-06-13 11:36:37,908 - aqt.updater - INFO - updater 128289695715328 Patching /home/admin_user/Qt/6.8.3/gcc_64/lib/libQt6Xml.prl
2026-06-13 11:36:37,909 - aqt.updater - INFO - updater 128289695715328 Patching /home/admin_user/Qt/6.8.3/gcc_64/lib/libQt6Core.prl
2026-06-13 11:36:37,910 - aqt.updater - INFO - updater 128289695715328 Patching /home/admin_user/Qt/6.8.3/gcc_64/lib/libQt6KmsSupport.prl
2026-06-13 11:36:37,910 - aqt.updater - INFO - updater 128289695715328 Patching /home/admin_user/Qt/6.8.3/gcc_64/lib/libQt6QuickTemplates2.prl
2026-06-13 11:36:37,911 - aqt.updater - INFO - updater 128289695715328 Patching /home/admin_user/Qt/6.8.3/gcc_64/lib/libQt6Svg.prl
2026-06-13 11:36:37,912 - aqt.updater - INFO - updater 128289695715328 Patching /home/admin_user/Qt/6.8.3/gcc_64/lib/libQt6LabsSettings.prl
2026-06-13 11:36:37,913 - aqt.updater - INFO - updater 128289695715328 Patching /home/admin_user/Qt/6.8.3/gcc_64/lib/libQt6WlShellIntegration.prl
2026-06-13 11:36:37,914 - aqt.updater - INFO - updater 128289695715328 Patching /home/admin_user/Qt/6.8.3/gcc_64/lib/libQt6QmlModels.prl
2026-06-13 11:36:37,915 - aqt.updater - INFO - updater 128289695715328 Patching /home/admin_user/Qt/6.8.3/gcc_64/lib/libQt6Concurrent.prl
2026-06-13 11:36:37,916 - aqt.updater - INFO - updater 128289695715328 Patching /home/admin_user/Qt/6.8.3/gcc_64/lib/libQt6QuickControls2Fusion.prl
2026-06-13 11:36:37,916 - aqt.updater - INFO - updater 128289695715328 Patching /home/admin_user/Qt/6.8.3/gcc_64/lib/libQt6QmlXmlListModel.prl
2026-06-13 11:36:37,917 - aqt.updater - INFO - updater 128289695715328 Patching /home/admin_user/Qt/6.8.3/gcc_64/lib/libQt6QmlWorkerScript.prl
2026-06-13 11:36:37,918 - aqt.updater - INFO - updater 128289695715328 Patching /home/admin_user/Qt/6.8.3/gcc_64/lib/libQt6FbSupport.prl
2026-06-13 11:36:37,919 - aqt.updater - INFO - updater 128289695715328 Patching /home/admin_user/Qt/6.8.3/gcc_64/lib/libQt6QuickControls2Basic.prl
2026-06-13 11:36:37,919 - aqt.updater - INFO - updater 128289695715328 Patching /home/admin_user/Qt/6.8.3/gcc_64/lib/libQt6PacketProtocol.prl
2026-06-13 11:36:37,920 - aqt.updater - INFO - updater 128289695715328 Patching /home/admin_user/Qt/6.8.3/gcc_64/lib/libQt6DeviceDiscoverySupport.prl
2026-06-13 11:36:37,921 - aqt.updater - INFO - updater 128289695715328 Patching /home/admin_user/Qt/6.8.3/gcc_64/lib/libQt6QuickControls2Impl.prl
2026-06-13 11:36:37,922 - aqt.updater - INFO - updater 128289695715328 Patching /home/admin_user/Qt/6.8.3/gcc_64/lib/libQt6QmlNetwork.prl
2026-06-13 11:36:37,922 - aqt.updater - INFO - updater 128289695715328 Patching /home/admin_user/Qt/6.8.3/gcc_64/lib/libQt6Help.prl
2026-06-13 11:36:37,923 - aqt.updater - INFO - updater 128289695715328 Patching /home/admin_user/Qt/6.8.3/gcc_64/lib/libQt6Gui.prl
2026-06-13 11:36:37,924 - aqt.updater - INFO - updater 128289695715328 Patching /home/admin_user/Qt/6.8.3/gcc_64/lib/libQt6QuickControls2MaterialStyleImpl.prl
2026-06-13 11:36:37,924 - aqt.updater - INFO - updater 128289695715328 Patching /home/admin_user/Qt/6.8.3/gcc_64/lib/libQt6QuickControls2Material.prl
2026-06-13 11:36:37,925 - aqt.updater - INFO - updater 128289695715328 Patching /home/admin_user/Qt/6.8.3/gcc_64/lib/libQt6WaylandClient.prl
2026-06-13 11:36:37,926 - aqt.updater - INFO - updater 128289695715328 Patching /home/admin_user/Qt/6.8.3/gcc_64/lib/libQt6EglFSDeviceIntegration.prl
2026-06-13 11:36:37,927 - aqt.updater - INFO - updater 128289695715328 Patching /home/admin_user/Qt/6.8.3/gcc_64/lib/libQt6PrintSupport.prl
2026-06-13 11:36:37,928 - aqt.updater - INFO - updater 128289695715328 Patching /home/admin_user/Qt/6.8.3/gcc_64/lib/libQt6Test.prl
2026-06-13 11:36:37,928 - aqt.updater - INFO - updater 128289695715328 Patching /home/admin_user/Qt/6.8.3/gcc_64/lib/libQt6QuickControls2FusionStyleImpl.prl
2026-06-13 11:36:37,929 - aqt.updater - INFO - updater 128289695715328 Patching /home/admin_user/Qt/6.8.3/gcc_64/lib/libQt6DBus.prl
2026-06-13 11:36:37,930 - aqt.updater - INFO - updater 128289695715328 Patching /home/admin_user/Qt/6.8.3/gcc_64/lib/libQt6QuickDialogs2QuickImpl.prl
2026-06-13 11:36:37,931 - aqt.updater - INFO - updater 128289695715328 Patching /home/admin_user/Qt/6.8.3/gcc_64/lib/libQt6QuickVectorImage.prl
2026-06-13 11:36:37,931 - aqt.updater - INFO - updater 128289695715328 Patching /home/admin_user/Qt/6.8.3/gcc_64/lib/libQt6QuickControls2Imagine.prl
2026-06-13 11:36:37,932 - aqt.updater - INFO - updater 128289695715328 Patching /home/admin_user/Qt/6.8.3/gcc_64/lib/libQt6LabsSharedImage.prl
2026-06-13 11:36:37,933 - aqt.updater - INFO - updater 128289695715328 Patching /home/admin_user/Qt/6.8.3/gcc_64/lib/libQt6Designer.prl
2026-06-13 11:36:37,933 - aqt.updater - INFO - updater 128289695715328 Patching /home/admin_user/Qt/6.8.3/gcc_64/lib/libQt6UiTools.prl
2026-06-13 11:36:37,934 - aqt.updater - INFO - updater 128289695715328 Patching /home/admin_user/Qt/6.8.3/gcc_64/lib/libQt6QuickTest.prl
2026-06-13 11:36:37,935 - aqt.updater - INFO - updater 128289695715328 Patching /home/admin_user/Qt/6.8.3/gcc_64/lib/libQt6WaylandEglClientHwIntegration.prl
2026-06-13 11:36:37,935 - aqt.updater - INFO - updater 128289695715328 Patching /home/admin_user/Qt/6.8.3/gcc_64/lib/libQt6QuickParticles.prl
2026-06-13 11:36:37,936 - aqt.updater - INFO - updater 128289695715328 Patching /home/admin_user/Qt/6.8.3/gcc_64/lib/libQt6QuickControls2FluentWinUI3StyleImpl.prl
2026-06-13 11:36:37,937 - aqt.main - INFO - installer 128289695715328 Finished installation
2026-06-13 11:36:37,937 - aqt.main - INFO - installer 128289695715328 Time elapsed: 138.78774831 second
